
Memory Configuration

Name             Origin             Length             Attributes
*default*        0x0000000000000000 0xffffffffffffffff

Linker script and memory map

                0x0000000000000000                . = 0x0

.text           0x0000000000000000      0x400
                0x0000000000000000                _text = .
 *(.text)
 .text          0x0000000000000000       0x10 init.o
                0x0000000000000000                _start
 .text          0x0000000000000010       0x74 softwareblink.o
                0x0000000000000010                main
                0x0000000000000400                . = 0x400
 *fill*         0x0000000000000084      0x37c 
 *(.strings)
                0x0000000000000400                _etext = .

.rela.dyn       0x0000000000000400        0x0
 .rela.text     0x0000000000000400        0x0 init.o

.data           0x0000000000000400        0x0
 *(.data)
 .data          0x0000000000000400        0x0 init.o
 .data          0x0000000000000400        0x0 softwareblink.o

.bss            0x0000000000000400        0x0
 *(.bss)
 .bss           0x0000000000000400        0x0 init.o
 .bss           0x0000000000000400        0x0 softwareblink.o
LOAD init.o
LOAD softwareblink.o
LOAD /home/team5/CUED-GB3-RISC-V-2019/tools/sunflower/tools/tools-lib/riscv/libc.a
LOAD /home/team5/CUED-GB3-RISC-V-2019/tools/sunflower/tools/tools-lib/riscv/libm.a
OUTPUT(softwareblink elf32-littleriscv)

.debug_frame    0x0000000000000000       0x38
 .debug_frame   0x0000000000000000       0x38 softwareblink.o

.debug_info     0x0000000000000000       0xb3
 .debug_info    0x0000000000000000       0xb3 softwareblink.o

.debug_abbrev   0x0000000000000000       0xaa
 .debug_abbrev  0x0000000000000000       0xaa softwareblink.o

.debug_aranges  0x0000000000000000       0x20
 .debug_aranges
                0x0000000000000000       0x20 softwareblink.o

.debug_line     0x0000000000000000       0xb0
 .debug_line    0x0000000000000000       0xb0 softwareblink.o

.debug_str      0x0000000000000000       0xb9
 .debug_str     0x0000000000000000       0xb9 softwareblink.o

.comment        0x0000000000000000       0x11
 .comment       0x0000000000000000       0x11 softwareblink.o
                                         0x12 (size before relaxing)
