
Memory Configuration

Name             Origin             Length             Attributes
*default*        0x0000000000000000 0xffffffffffffffff

Linker script and memory map

                0x0000000000000000                . = 0x0

.text           0x0000000000000000      0x400
                0x0000000000000000                _text = .
 *(.text)
 .text          0x0000000000000000       0x10 init.o
                0x0000000000000000                _start
 .text          0x0000000000000010       0x14 idle.o
                0x0000000000000010                main
                0x0000000000000400                . = 0x400
 *fill*         0x0000000000000024      0x3dc 
 *(.strings)
                0x0000000000000400                _etext = .

.rela.dyn       0x0000000000000400        0x0
 .rela.text     0x0000000000000400        0x0 init.o

.data           0x0000000000000400        0x0
 *(.data)
 .data          0x0000000000000400        0x0 init.o
 .data          0x0000000000000400        0x0 idle.o

.bss            0x0000000000000400        0x0
 *(.bss)
 .bss           0x0000000000000400        0x0 init.o
 .bss           0x0000000000000400        0x0 idle.o
LOAD init.o
LOAD idle.o
LOAD /data/f-of-e-tools/tools/sunflower/tools/tools-lib/riscv/libc.a
LOAD /data/f-of-e-tools/tools/sunflower/tools/tools-lib/riscv/libm.a
LOAD /data/f-of-e-tools/tools/sunflower/tools/tools-lib/riscv/libgcc.a
OUTPUT(idle elf32-littleriscv)

.debug_frame    0x0000000000000000       0x38
 .debug_frame   0x0000000000000000       0x38 idle.o

.debug_info     0x0000000000000000       0x43
 .debug_info    0x0000000000000000       0x43 idle.o

.debug_abbrev   0x0000000000000000       0x3b
 .debug_abbrev  0x0000000000000000       0x3b idle.o

.debug_aranges  0x0000000000000000       0x20
 .debug_aranges
                0x0000000000000000       0x20 idle.o

.debug_line     0x0000000000000000       0x43
 .debug_line    0x0000000000000000       0x43 idle.o

.debug_str      0x0000000000000000       0x7e
 .debug_str     0x0000000000000000       0x7e idle.o

.comment        0x0000000000000000       0x11
 .comment       0x0000000000000000       0x11 idle.o
                                         0x12 (size before relaxing)
