Archive member included to satisfy reference by file (symbol)

/data/f-of-e-tools/tools/sunflower/tools/tools-lib/riscv/libc.a(lib_a-exit.o)
                              init-sf.o (exit)
/data/f-of-e-tools/tools/sunflower/tools/tools-lib/riscv/libc.a(lib_a-impure.o)
                              /data/f-of-e-tools/tools/sunflower/tools/tools-lib/riscv/libc.a(lib_a-exit.o) (_global_impure_ptr)
/data/f-of-e-tools/tools/sunflower/tools/tools-lib/riscv/libc.a(lib_a-__call_atexit.o)
                              /data/f-of-e-tools/tools/sunflower/tools/tools-lib/riscv/libc.a(lib_a-exit.o) (__call_exitprocs)
/data/f-of-e-tools/tools/sunflower/tools/tools-lib/riscv/libgcc.a(addsf3.o)
                              pedometer128.o (__addsf3)
/data/f-of-e-tools/tools/sunflower/tools/tools-lib/riscv/libgcc.a(divsf3.o)
                              pedometer128.o (__divsf3)
/data/f-of-e-tools/tools/sunflower/tools/tools-lib/riscv/libgcc.a(gesf2.o)
                              pedometer128.o (__gtsf2)
/data/f-of-e-tools/tools/sunflower/tools/tools-lib/riscv/libgcc.a(lesf2.o)
                              pedometer128.o (__ltsf2)
/data/f-of-e-tools/tools/sunflower/tools/tools-lib/riscv/libgcc.a(subsf3.o)
                              pedometer128.o (__subsf3)
/data/f-of-e-tools/tools/sunflower/tools/tools-lib/riscv/libgcc.a(muldi3.o)
                              /data/f-of-e-tools/tools/sunflower/tools/tools-lib/riscv/libgcc.a(divsf3.o) (__mulsi3)
/data/f-of-e-tools/tools/sunflower/tools/tools-lib/riscv/libgcc.a(div.o)
                              /data/f-of-e-tools/tools/sunflower/tools/tools-lib/riscv/libgcc.a(divsf3.o) (__divsi3)
/data/f-of-e-tools/tools/sunflower/tools/tools-lib/riscv/libgcc.a(_clzsi2.o)
                              /data/f-of-e-tools/tools/sunflower/tools/tools-lib/riscv/libgcc.a(addsf3.o) (__clzsi2)
/data/f-of-e-tools/tools/sunflower/tools/tools-lib/riscv/libgcc.a(_clz.o)
                              /data/f-of-e-tools/tools/sunflower/tools/tools-lib/riscv/libgcc.a(_clzsi2.o) (__clz_tab)
/data/f-of-e-tools/tools/sunflower/tools/tools-lib/riscv/libgloss.a(syscalls.o)
                              /data/f-of-e-tools/tools/sunflower/tools/tools-lib/riscv/libc.a(lib_a-exit.o) (_exit)

Memory Configuration

Name             Origin             Length             Attributes
*default*        0x0000000000000000 0xffffffffffffffff

Linker script and memory map

Address of section .text set to 0x8004000
LOAD init-sf.o
LOAD pedometer128.o
LOAD /data/f-of-e-tools/tools/sunflower/tools/tools-lib/riscv/libc.a
LOAD /data/f-of-e-tools/tools/sunflower/tools/tools-lib/riscv/libgcc.a
LOAD /data/f-of-e-tools/tools/sunflower/tools/tools-lib/riscv/libgloss.a
                [!provide]                        PROVIDE (__executable_start, SEGMENT_START ("text-segment", 0x10000))
                0x0000000000010074                . = (SEGMENT_START ("text-segment", 0x10000) + SIZEOF_HEADERS)

.interp
 *(.interp)

.note.gnu.build-id
 *(.note.gnu.build-id)

.hash
 *(.hash)

.gnu.hash
 *(.gnu.hash)

.dynsym
 *(.dynsym)

.dynstr
 *(.dynstr)

.gnu.version
 *(.gnu.version)

.gnu.version_d
 *(.gnu.version_d)

.gnu.version_r
 *(.gnu.version_r)

.rela.dyn       0x0000000000010074        0x0
 *(.rela.init)
 *(.rela.text .rela.text.* .rela.gnu.linkonce.t.*)
 .rela.text     0x0000000000010074        0x0 init-sf.o
 *(.rela.fini)
 *(.rela.rodata .rela.rodata.* .rela.gnu.linkonce.r.*)
 *(.rela.data .rela.data.* .rela.gnu.linkonce.d.*)
 *(.rela.tdata .rela.tdata.* .rela.gnu.linkonce.td.*)
 *(.rela.tbss .rela.tbss.* .rela.gnu.linkonce.tb.*)
 *(.rela.ctors)
 *(.rela.dtors)
 *(.rela.got)
 *(.rela.sdata .rela.sdata.* .rela.gnu.linkonce.s.*)
 *(.rela.sbss .rela.sbss.* .rela.gnu.linkonce.sb.*)
 *(.rela.sdata2 .rela.sdata2.* .rela.gnu.linkonce.s2.*)
 *(.rela.sbss2 .rela.sbss2.* .rela.gnu.linkonce.sb2.*)
 *(.rela.bss .rela.bss.* .rela.gnu.linkonce.b.*)
                [!provide]                        PROVIDE (__rela_iplt_start, .)
 *(.rela.iplt)
                [!provide]                        PROVIDE (__rela_iplt_end, .)

.rela.plt
 *(.rela.plt)

.init
 *(SORT(.init))

.plt
 *(.plt)

.iplt
 *(.iplt)

.text           0x0000000008004000     0x21cc
 *(.text.unlikely .text.*_unlikely .text.unlikely.*)
 *(.text.exit .text.exit.*)
 *(.text.startup .text.startup.*)
 *(.text.hot .text.hot.*)
 *(.text .stub .text.* .gnu.linkonce.t.*)
 .text          0x0000000008004000       0x1c init-sf.o
                0x0000000008004000                _start
                0x0000000008004010                __errno
 .text          0x000000000800401c      0x778 pedometer128.o
                0x000000000800401c                findAxisProperties
                0x000000000800416c                chooseAxis
                0x0000000008004270                detectSteps
                0x0000000008004348                readRawData
                0x0000000008004418                MovingAvgFilter
                0x000000000800456c                main
 .text          0x0000000008004794       0x34 /data/f-of-e-tools/tools/sunflower/tools/tools-lib/riscv/libc.a(lib_a-exit.o)
                0x0000000008004794                exit
 .text          0x00000000080047c8        0x0 /data/f-of-e-tools/tools/sunflower/tools/tools-lib/riscv/libc.a(lib_a-impure.o)
 .text          0x00000000080047c8      0x11c /data/f-of-e-tools/tools/sunflower/tools/tools-lib/riscv/libc.a(lib_a-__call_atexit.o)
                0x00000000080047c8                __call_exitprocs
 .text          0x00000000080048e4      0x498 /data/f-of-e-tools/tools/sunflower/tools/tools-lib/riscv/libgcc.a(addsf3.o)
                0x00000000080048e4                __addsf3
 .text          0x0000000008004d7c      0x424 /data/f-of-e-tools/tools/sunflower/tools/tools-lib/riscv/libgcc.a(divsf3.o)
                0x0000000008004d7c                __divsf3
 .text          0x00000000080051a0       0xbc /data/f-of-e-tools/tools/sunflower/tools/tools-lib/riscv/libgcc.a(gesf2.o)
                0x00000000080051a0                __gtsf2
                0x00000000080051a0                __gesf2
 .text          0x000000000800525c       0xc8 /data/f-of-e-tools/tools/sunflower/tools/tools-lib/riscv/libgcc.a(lesf2.o)
                0x000000000800525c                __lesf2
                0x000000000800525c                __ltsf2
 .text          0x0000000008005324      0x4b8 /data/f-of-e-tools/tools/sunflower/tools/tools-lib/riscv/libgcc.a(subsf3.o)
                0x0000000008005324                __subsf3
 .text          0x00000000080057dc       0x24 /data/f-of-e-tools/tools/sunflower/tools/tools-lib/riscv/libgcc.a(muldi3.o)
                0x00000000080057dc                __mulsi3
 .text          0x0000000008005800       0xb4 /data/f-of-e-tools/tools/sunflower/tools/tools-lib/riscv/libgcc.a(div.o)
                0x0000000008005800                __divsi3
                0x0000000008005808                __udivsi3
                0x0000000008005850                __umodsi3
                0x0000000008005884                __modsi3
 .text          0x00000000080058b4       0x94 /data/f-of-e-tools/tools/sunflower/tools/tools-lib/riscv/libgcc.a(_clzsi2.o)
                0x00000000080058b4                __clzsi2
 .text          0x0000000008005948        0x0 /data/f-of-e-tools/tools/sunflower/tools/tools-lib/riscv/libgcc.a(_clz.o)
 .text          0x0000000008005948      0x884 /data/f-of-e-tools/tools/sunflower/tools/tools-lib/riscv/libgloss.a(syscalls.o)
                0x00000000080059ec                __syscall_error
                0x0000000008005a1c                _open
                0x0000000008005a64                _openat
                0x0000000008005aa8                _lseek
                0x0000000008005af0                _read
                0x0000000008005b38                _write
                0x0000000008005b80                _fstat
                0x0000000008005be8                _stat
                0x0000000008005c50                _lstat
                0x0000000008005cb8                _fstatat
                0x0000000008005d18                _access
                0x0000000008005d64                _faccessat
                0x0000000008005da8                _close
                0x0000000008005df8                _link
                0x0000000008005e44                _unlink
                0x0000000008005e94                _execve
                0x0000000008005eb8                _fork
                0x0000000008005edc                _getpid
                0x0000000008005ee4                _kill
                0x0000000008005f08                _wait
                0x0000000008005f2c                _isatty
                0x0000000008005f5c                _gettimeofday
                0x0000000008005fac                _times
                0x0000000008006050                _ftime
                0x000000000800606c                _utime
                0x0000000008006074                _chown
                0x000000000800607c                _chmod
                0x0000000008006084                _chdir
                0x000000000800608c                _getcwd
                0x0000000008006094                _sysconf
                0x00000000080060b0                _sbrk
                0x0000000008006190                _exit
 *(.gnu.warning)

.fini
 *(SORT(.fini))
                [!provide]                        PROVIDE (__etext, .)
                [!provide]                        PROVIDE (_etext, .)
                [!provide]                        PROVIDE (etext, .)

.rodata         0x00000000080061cc      0x190
 *(.rodata .rodata.* .gnu.linkonce.r.*)
 .rodata        0x00000000080061cc       0x10 pedometer128.o
 .rodata        0x00000000080061dc       0x80 /data/f-of-e-tools/tools/sunflower/tools/tools-lib/riscv/libgcc.a(divsf3.o)
 .rodata        0x000000000800625c      0x100 /data/f-of-e-tools/tools/sunflower/tools/tools-lib/riscv/libgcc.a(_clz.o)
                0x000000000800625c                __clz_tab

.rodata1
 *(.rodata1)

.sdata2
 *(.sdata2 .sdata2.* .gnu.linkonce.s2.*)

.sbss2
 *(.sbss2 .sbss2.* .gnu.linkonce.sb2.*)

.eh_frame_hdr
 *(.eh_frame_hdr)
 *(.eh_frame_entry .eh_frame_entry.*)

.eh_frame
 *(.eh_frame)
 *(.eh_frame.*)

.gcc_except_table
 *(.gcc_except_table .gcc_except_table.*)

.gnu_extab
 *(.gnu_extab*)

.exception_ranges
 *(.exception_ranges .exception_ranges*)
                0x000000000800735c                . = DATA_SEGMENT_ALIGN (CONSTANT (MAXPAGESIZE), CONSTANT (COMMONPAGESIZE))

.eh_frame
 *(.eh_frame)
 *(.eh_frame.*)

.gnu_extab
 *(.gnu_extab)

.gcc_except_table
 *(.gcc_except_table .gcc_except_table.*)

.exception_ranges
 *(.exception_ranges .exception_ranges*)

.tdata
 *(.tdata .tdata.* .gnu.linkonce.td.*)

.tbss
 *(.tbss .tbss.* .gnu.linkonce.tb.*)
 *(.tcommon)

.preinit_array  0x000000000800735c        0x0
                [!provide]                        PROVIDE (__preinit_array_start, .)
 *(.preinit_array)
                [!provide]                        PROVIDE (__preinit_array_end, .)

.init_array     0x000000000800735c        0x0
                [!provide]                        PROVIDE (__init_array_start, .)
 *(SORT(.init_array.*) SORT(.ctors.*))
 *(.init_array EXCLUDE_FILE(*crtend?.o *crtend.o *crtbegin?.o *crtbegin.o) .ctors)
                [!provide]                        PROVIDE (__init_array_end, .)

.fini_array     0x000000000800735c        0x0
                [!provide]                        PROVIDE (__fini_array_start, .)
 *(SORT(.fini_array.*) SORT(.dtors.*))
 *(.fini_array EXCLUDE_FILE(*crtend?.o *crtend.o *crtbegin?.o *crtbegin.o) .dtors)
                [!provide]                        PROVIDE (__fini_array_end, .)

.ctors
 *crtbegin.o(.ctors)
 *crtbegin?.o(.ctors)
 *(EXCLUDE_FILE(*crtend?.o *crtend.o) .ctors)
 *(SORT(.ctors.*))
 *(.ctors)

.dtors
 *crtbegin.o(.dtors)
 *crtbegin?.o(.dtors)
 *(EXCLUDE_FILE(*crtend?.o *crtend.o) .dtors)
 *(SORT(.dtors.*))
 *(.dtors)

.jcr
 *(.jcr)

.data.rel.ro
 *(.data.rel.ro.local* .gnu.linkonce.d.rel.ro.local.*)
 *(.data.rel.ro .data.rel.ro.* .gnu.linkonce.d.rel.ro.*)

.dynamic
 *(.dynamic)
                0x000000000800735c                . = DATA_SEGMENT_RELRO_END (., 0x0)

.data           0x0000000008007360      0x4e8
 *(.data .data.* .gnu.linkonce.d.*)
 .data          0x0000000008007360        0x0 init-sf.o
 .data          0x0000000008007360       0xc0 pedometer128.o
                0x0000000008007360                xAcceleration
                0x00000000080073a0                yAcceleration
                0x00000000080073e0                zAcceleration
 .data          0x0000000008007420        0x0 /data/f-of-e-tools/tools/sunflower/tools/tools-lib/riscv/libc.a(lib_a-exit.o)
 .data          0x0000000008007420      0x428 /data/f-of-e-tools/tools/sunflower/tools/tools-lib/riscv/libc.a(lib_a-impure.o)
 .data          0x0000000008007848        0x0 /data/f-of-e-tools/tools/sunflower/tools/tools-lib/riscv/libc.a(lib_a-__call_atexit.o)
 .data          0x0000000008007848        0x0 /data/f-of-e-tools/tools/sunflower/tools/tools-lib/riscv/libgcc.a(addsf3.o)
 .data          0x0000000008007848        0x0 /data/f-of-e-tools/tools/sunflower/tools/tools-lib/riscv/libgcc.a(divsf3.o)
 .data          0x0000000008007848        0x0 /data/f-of-e-tools/tools/sunflower/tools/tools-lib/riscv/libgcc.a(gesf2.o)
 .data          0x0000000008007848        0x0 /data/f-of-e-tools/tools/sunflower/tools/tools-lib/riscv/libgcc.a(lesf2.o)
 .data          0x0000000008007848        0x0 /data/f-of-e-tools/tools/sunflower/tools/tools-lib/riscv/libgcc.a(subsf3.o)
 .data          0x0000000008007848        0x0 /data/f-of-e-tools/tools/sunflower/tools/tools-lib/riscv/libgcc.a(muldi3.o)
 .data          0x0000000008007848        0x0 /data/f-of-e-tools/tools/sunflower/tools/tools-lib/riscv/libgcc.a(div.o)
 .data          0x0000000008007848        0x0 /data/f-of-e-tools/tools/sunflower/tools/tools-lib/riscv/libgcc.a(_clzsi2.o)
 .data          0x0000000008007848        0x0 /data/f-of-e-tools/tools/sunflower/tools/tools-lib/riscv/libgcc.a(_clz.o)
 .data          0x0000000008007848        0x0 /data/f-of-e-tools/tools/sunflower/tools/tools-lib/riscv/libgloss.a(syscalls.o)

.data1
 *(.data1)

.got
 *(.got.plt)
 *(.igot.plt)
 *(.got)
 *(.igot)

.sdata          0x0000000008007848        0x8
                0x0000000008008048                __global_pointer$ = (. + 0x800)
 *(.srodata.cst16)
 *(.srodata.cst8)
 *(.srodata.cst4)
 *(.srodata.cst2)
 *(.srodata .srodata.*)
 .srodata       0x0000000008007848        0x4 /data/f-of-e-tools/tools/sunflower/tools/tools-lib/riscv/libc.a(lib_a-impure.o)
                0x0000000008007848                _global_impure_ptr
 *(.sdata .sdata.* .gnu.linkonce.s.*)
 .sdata         0x000000000800784c        0x4 /data/f-of-e-tools/tools/sunflower/tools/tools-lib/riscv/libc.a(lib_a-impure.o)
                0x000000000800784c                _impure_ptr
                0x0000000008007850                _edata = .
                [!provide]                        PROVIDE (edata, .)
                0x0000000008007850                . = .
                0x0000000008007850                __bss_start = .

.sbss           0x0000000008007850        0x4
 *(.dynsbss)
 *(.sbss .sbss.* .gnu.linkonce.sb.*)
 .sbss          0x0000000008007850        0x4 /data/f-of-e-tools/tools/sunflower/tools/tools-lib/riscv/libgloss.a(syscalls.o)
 *(.scommon)

.bss            0x0000000008007858       0x10
 *(.dynbss)
 *(.bss .bss.* .gnu.linkonce.b.*)
 .bss           0x0000000008007858        0x0 init-sf.o
 .bss           0x0000000008007858        0x0 pedometer128.o
 .bss           0x0000000008007858        0x0 /data/f-of-e-tools/tools/sunflower/tools/tools-lib/riscv/libc.a(lib_a-exit.o)
 .bss           0x0000000008007858        0x0 /data/f-of-e-tools/tools/sunflower/tools/tools-lib/riscv/libc.a(lib_a-impure.o)
 .bss           0x0000000008007858        0x0 /data/f-of-e-tools/tools/sunflower/tools/tools-lib/riscv/libc.a(lib_a-__call_atexit.o)
 .bss           0x0000000008007858        0x0 /data/f-of-e-tools/tools/sunflower/tools/tools-lib/riscv/libgcc.a(addsf3.o)
 .bss           0x0000000008007858        0x0 /data/f-of-e-tools/tools/sunflower/tools/tools-lib/riscv/libgcc.a(divsf3.o)
 .bss           0x0000000008007858        0x0 /data/f-of-e-tools/tools/sunflower/tools/tools-lib/riscv/libgcc.a(gesf2.o)
 .bss           0x0000000008007858        0x0 /data/f-of-e-tools/tools/sunflower/tools/tools-lib/riscv/libgcc.a(lesf2.o)
 .bss           0x0000000008007858        0x0 /data/f-of-e-tools/tools/sunflower/tools/tools-lib/riscv/libgcc.a(subsf3.o)
 .bss           0x0000000008007858        0x0 /data/f-of-e-tools/tools/sunflower/tools/tools-lib/riscv/libgcc.a(muldi3.o)
 .bss           0x0000000008007858        0x0 /data/f-of-e-tools/tools/sunflower/tools/tools-lib/riscv/libgcc.a(div.o)
 .bss           0x0000000008007858        0x0 /data/f-of-e-tools/tools/sunflower/tools/tools-lib/riscv/libgcc.a(_clzsi2.o)
 .bss           0x0000000008007858        0x0 /data/f-of-e-tools/tools/sunflower/tools/tools-lib/riscv/libgcc.a(_clz.o)
 .bss           0x0000000008007858       0x10 /data/f-of-e-tools/tools/sunflower/tools/tools-lib/riscv/libgloss.a(syscalls.o)
 *(COMMON)
                0x0000000008007868                . = ALIGN ((. != 0x0)?0x4:0x1)
                0x0000000008007868                . = ALIGN (0x4)
                0x0000000008007868                . = SEGMENT_START ("ldata-segment", .)
                0x0000000008007868                . = ALIGN (0x4)
                0x0000000008007868                _end = .
                [!provide]                        PROVIDE (end, .)
                0x0000000008007868                . = DATA_SEGMENT_END (.)

.stab
 *(.stab)

.stabstr
 *(.stabstr)

.stab.excl
 *(.stab.excl)

.stab.exclstr
 *(.stab.exclstr)

.stab.index
 *(.stab.index)

.stab.indexstr
 *(.stab.indexstr)

.comment        0x0000000000000000       0x11
 *(.comment)
 .comment       0x0000000000000000       0x11 pedometer128.o
                                         0x12 (size before relaxing)
 .comment       0x0000000000000011       0x12 /data/f-of-e-tools/tools/sunflower/tools/tools-lib/riscv/libc.a(lib_a-exit.o)
 .comment       0x0000000000000011       0x12 /data/f-of-e-tools/tools/sunflower/tools/tools-lib/riscv/libc.a(lib_a-impure.o)
 .comment       0x0000000000000011       0x12 /data/f-of-e-tools/tools/sunflower/tools/tools-lib/riscv/libc.a(lib_a-__call_atexit.o)
 .comment       0x0000000000000011       0x12 /data/f-of-e-tools/tools/sunflower/tools/tools-lib/riscv/libgcc.a(addsf3.o)
 .comment       0x0000000000000011       0x12 /data/f-of-e-tools/tools/sunflower/tools/tools-lib/riscv/libgcc.a(divsf3.o)
 .comment       0x0000000000000011       0x12 /data/f-of-e-tools/tools/sunflower/tools/tools-lib/riscv/libgcc.a(gesf2.o)
 .comment       0x0000000000000011       0x12 /data/f-of-e-tools/tools/sunflower/tools/tools-lib/riscv/libgcc.a(lesf2.o)
 .comment       0x0000000000000011       0x12 /data/f-of-e-tools/tools/sunflower/tools/tools-lib/riscv/libgcc.a(subsf3.o)
 .comment       0x0000000000000011       0x12 /data/f-of-e-tools/tools/sunflower/tools/tools-lib/riscv/libgcc.a(_clzsi2.o)
 .comment       0x0000000000000011       0x12 /data/f-of-e-tools/tools/sunflower/tools/tools-lib/riscv/libgcc.a(_clz.o)
 .comment       0x0000000000000011       0x12 /data/f-of-e-tools/tools/sunflower/tools/tools-lib/riscv/libgloss.a(syscalls.o)

.debug
 *(.debug)

.line
 *(.line)

.debug_srcinfo
 *(.debug_srcinfo)

.debug_sfnames
 *(.debug_sfnames)

.debug_aranges  0x0000000000000000      0x190
 *(.debug_aranges)
 .debug_aranges
                0x0000000000000000       0x20 /data/f-of-e-tools/tools/sunflower/tools/tools-lib/riscv/libc.a(lib_a-exit.o)
 .debug_aranges
                0x0000000000000020       0x18 /data/f-of-e-tools/tools/sunflower/tools/tools-lib/riscv/libc.a(lib_a-impure.o)
 .debug_aranges
                0x0000000000000038       0x20 /data/f-of-e-tools/tools/sunflower/tools/tools-lib/riscv/libc.a(lib_a-__call_atexit.o)
 .debug_aranges
                0x0000000000000058       0x20 /data/f-of-e-tools/tools/sunflower/tools/tools-lib/riscv/libgcc.a(addsf3.o)
 .debug_aranges
                0x0000000000000078       0x20 /data/f-of-e-tools/tools/sunflower/tools/tools-lib/riscv/libgcc.a(divsf3.o)
 .debug_aranges
                0x0000000000000098       0x20 /data/f-of-e-tools/tools/sunflower/tools/tools-lib/riscv/libgcc.a(gesf2.o)
 .debug_aranges
                0x00000000000000b8       0x20 /data/f-of-e-tools/tools/sunflower/tools/tools-lib/riscv/libgcc.a(lesf2.o)
 .debug_aranges
                0x00000000000000d8       0x20 /data/f-of-e-tools/tools/sunflower/tools/tools-lib/riscv/libgcc.a(subsf3.o)
 .debug_aranges
                0x00000000000000f8       0x20 /data/f-of-e-tools/tools/sunflower/tools/tools-lib/riscv/libgcc.a(muldi3.o)
 .debug_aranges
                0x0000000000000118       0x20 /data/f-of-e-tools/tools/sunflower/tools/tools-lib/riscv/libgcc.a(div.o)
 .debug_aranges
                0x0000000000000138       0x20 /data/f-of-e-tools/tools/sunflower/tools/tools-lib/riscv/libgcc.a(_clzsi2.o)
 .debug_aranges
                0x0000000000000158       0x18 /data/f-of-e-tools/tools/sunflower/tools/tools-lib/riscv/libgcc.a(_clz.o)
 .debug_aranges
                0x0000000000000170       0x20 /data/f-of-e-tools/tools/sunflower/tools/tools-lib/riscv/libgloss.a(syscalls.o)

.debug_pubnames
 *(.debug_pubnames)

.debug_info     0x0000000000000000     0x6513
 *(.debug_info .gnu.linkonce.wi.*)
 .debug_info    0x0000000000000000      0x9d8 /data/f-of-e-tools/tools/sunflower/tools/tools-lib/riscv/libc.a(lib_a-exit.o)
 .debug_info    0x00000000000009d8      0x936 /data/f-of-e-tools/tools/sunflower/tools/tools-lib/riscv/libc.a(lib_a-impure.o)
 .debug_info    0x000000000000130e      0x9f3 /data/f-of-e-tools/tools/sunflower/tools/tools-lib/riscv/libc.a(lib_a-__call_atexit.o)
 .debug_info    0x0000000000001d01      0x351 /data/f-of-e-tools/tools/sunflower/tools/tools-lib/riscv/libgcc.a(addsf3.o)
 .debug_info    0x0000000000002052      0x3c3 /data/f-of-e-tools/tools/sunflower/tools/tools-lib/riscv/libgcc.a(divsf3.o)
 .debug_info    0x0000000000002415      0x263 /data/f-of-e-tools/tools/sunflower/tools/tools-lib/riscv/libgcc.a(gesf2.o)
 .debug_info    0x0000000000002678      0x261 /data/f-of-e-tools/tools/sunflower/tools/tools-lib/riscv/libgcc.a(lesf2.o)
 .debug_info    0x00000000000028d9      0x351 /data/f-of-e-tools/tools/sunflower/tools/tools-lib/riscv/libgcc.a(subsf3.o)
 .debug_info    0x0000000000002c2a       0x26 /data/f-of-e-tools/tools/sunflower/tools/tools-lib/riscv/libgcc.a(muldi3.o)
 .debug_info    0x0000000000002c50       0x26 /data/f-of-e-tools/tools/sunflower/tools/tools-lib/riscv/libgcc.a(div.o)
 .debug_info    0x0000000000002c76      0xba6 /data/f-of-e-tools/tools/sunflower/tools/tools-lib/riscv/libgcc.a(_clzsi2.o)
 .debug_info    0x000000000000381c      0xb39 /data/f-of-e-tools/tools/sunflower/tools/tools-lib/riscv/libgcc.a(_clz.o)
 .debug_info    0x0000000000004355     0x21be /data/f-of-e-tools/tools/sunflower/tools/tools-lib/riscv/libgloss.a(syscalls.o)

.debug_abbrev   0x0000000000000000     0x1693
 *(.debug_abbrev)
 .debug_abbrev  0x0000000000000000      0x21c /data/f-of-e-tools/tools/sunflower/tools/tools-lib/riscv/libc.a(lib_a-exit.o)
 .debug_abbrev  0x000000000000021c      0x1b8 /data/f-of-e-tools/tools/sunflower/tools/tools-lib/riscv/libc.a(lib_a-impure.o)
 .debug_abbrev  0x00000000000003d4      0x24f /data/f-of-e-tools/tools/sunflower/tools/tools-lib/riscv/libc.a(lib_a-__call_atexit.o)
 .debug_abbrev  0x0000000000000623      0x191 /data/f-of-e-tools/tools/sunflower/tools/tools-lib/riscv/libgcc.a(addsf3.o)
 .debug_abbrev  0x00000000000007b4      0x171 /data/f-of-e-tools/tools/sunflower/tools/tools-lib/riscv/libgcc.a(divsf3.o)
 .debug_abbrev  0x0000000000000925      0x193 /data/f-of-e-tools/tools/sunflower/tools/tools-lib/riscv/libgcc.a(gesf2.o)
 .debug_abbrev  0x0000000000000ab8      0x193 /data/f-of-e-tools/tools/sunflower/tools/tools-lib/riscv/libgcc.a(lesf2.o)
 .debug_abbrev  0x0000000000000c4b      0x191 /data/f-of-e-tools/tools/sunflower/tools/tools-lib/riscv/libgcc.a(subsf3.o)
 .debug_abbrev  0x0000000000000ddc       0x14 /data/f-of-e-tools/tools/sunflower/tools/tools-lib/riscv/libgcc.a(muldi3.o)
 .debug_abbrev  0x0000000000000df0       0x14 /data/f-of-e-tools/tools/sunflower/tools/tools-lib/riscv/libgcc.a(div.o)
 .debug_abbrev  0x0000000000000e04      0x242 /data/f-of-e-tools/tools/sunflower/tools/tools-lib/riscv/libgcc.a(_clzsi2.o)
 .debug_abbrev  0x0000000000001046      0x1e8 /data/f-of-e-tools/tools/sunflower/tools/tools-lib/riscv/libgcc.a(_clz.o)
 .debug_abbrev  0x000000000000122e      0x465 /data/f-of-e-tools/tools/sunflower/tools/tools-lib/riscv/libgloss.a(syscalls.o)

.debug_line     0x0000000000000000     0x4707
 *(.debug_line .debug_line.* .debug_line_end)
 .debug_line    0x0000000000000000      0x22d /data/f-of-e-tools/tools/sunflower/tools/tools-lib/riscv/libc.a(lib_a-exit.o)
 .debug_line    0x000000000000022d      0x13a /data/f-of-e-tools/tools/sunflower/tools/tools-lib/riscv/libc.a(lib_a-impure.o)
 .debug_line    0x0000000000000367      0x3ab /data/f-of-e-tools/tools/sunflower/tools/tools-lib/riscv/libc.a(lib_a-__call_atexit.o)
 .debug_line    0x0000000000000712      0x9f1 /data/f-of-e-tools/tools/sunflower/tools/tools-lib/riscv/libgcc.a(addsf3.o)
 .debug_line    0x0000000000001103      0x75a /data/f-of-e-tools/tools/sunflower/tools/tools-lib/riscv/libgcc.a(divsf3.o)
 .debug_line    0x000000000000185d      0x2d0 /data/f-of-e-tools/tools/sunflower/tools/tools-lib/riscv/libgcc.a(gesf2.o)
 .debug_line    0x0000000000001b2d      0x2d4 /data/f-of-e-tools/tools/sunflower/tools/tools-lib/riscv/libgcc.a(lesf2.o)
 .debug_line    0x0000000000001e01      0xa56 /data/f-of-e-tools/tools/sunflower/tools/tools-lib/riscv/libgcc.a(subsf3.o)
 .debug_line    0x0000000000002857       0x86 /data/f-of-e-tools/tools/sunflower/tools/tools-lib/riscv/libgcc.a(muldi3.o)
 .debug_line    0x00000000000028dd      0x15c /data/f-of-e-tools/tools/sunflower/tools/tools-lib/riscv/libgcc.a(div.o)
 .debug_line    0x0000000000002a39      0x2ca /data/f-of-e-tools/tools/sunflower/tools/tools-lib/riscv/libgcc.a(_clzsi2.o)
 .debug_line    0x0000000000002d03      0x1f6 /data/f-of-e-tools/tools/sunflower/tools/tools-lib/riscv/libgcc.a(_clz.o)
 .debug_line    0x0000000000002ef9     0x180e /data/f-of-e-tools/tools/sunflower/tools/tools-lib/riscv/libgloss.a(syscalls.o)

.debug_frame    0x0000000000000000      0x8f0
 *(.debug_frame)
 .debug_frame   0x0000000000000000       0x30 /data/f-of-e-tools/tools/sunflower/tools/tools-lib/riscv/libc.a(lib_a-exit.o)
 .debug_frame   0x0000000000000030       0x90 /data/f-of-e-tools/tools/sunflower/tools/tools-lib/riscv/libc.a(lib_a-__call_atexit.o)
 .debug_frame   0x00000000000000c0       0x64 /data/f-of-e-tools/tools/sunflower/tools/tools-lib/riscv/libgcc.a(addsf3.o)
 .debug_frame   0x0000000000000124       0x94 /data/f-of-e-tools/tools/sunflower/tools/tools-lib/riscv/libgcc.a(divsf3.o)
 .debug_frame   0x00000000000001b8       0x20 /data/f-of-e-tools/tools/sunflower/tools/tools-lib/riscv/libgcc.a(gesf2.o)
 .debug_frame   0x00000000000001d8       0x20 /data/f-of-e-tools/tools/sunflower/tools/tools-lib/riscv/libgcc.a(lesf2.o)
 .debug_frame   0x00000000000001f8       0x5c /data/f-of-e-tools/tools/sunflower/tools/tools-lib/riscv/libgcc.a(subsf3.o)
 .debug_frame   0x0000000000000254       0x20 /data/f-of-e-tools/tools/sunflower/tools/tools-lib/riscv/libgcc.a(_clzsi2.o)
 .debug_frame   0x0000000000000274      0x67c /data/f-of-e-tools/tools/sunflower/tools/tools-lib/riscv/libgloss.a(syscalls.o)

.debug_str      0x0000000000000000     0x1032
 *(.debug_str)
 .debug_str     0x0000000000000000      0x51f /data/f-of-e-tools/tools/sunflower/tools/tools-lib/riscv/libc.a(lib_a-exit.o)
                                        0x5a5 (size before relaxing)
 .debug_str     0x000000000000051f       0xa1 /data/f-of-e-tools/tools/sunflower/tools/tools-lib/riscv/libc.a(lib_a-impure.o)
                                        0x559 (size before relaxing)
 .debug_str     0x00000000000005c0       0x59 /data/f-of-e-tools/tools/sunflower/tools/tools-lib/riscv/libc.a(lib_a-__call_atexit.o)
                                        0x5a2 (size before relaxing)
 .debug_str     0x0000000000000619      0x225 /data/f-of-e-tools/tools/sunflower/tools/tools-lib/riscv/libgcc.a(addsf3.o)
                                        0x2aa (size before relaxing)
 .debug_str     0x000000000000083e      0x163 /data/f-of-e-tools/tools/sunflower/tools/tools-lib/riscv/libgcc.a(divsf3.o)
                                        0x314 (size before relaxing)
 .debug_str     0x00000000000009a1       0x6b /data/f-of-e-tools/tools/sunflower/tools/tools-lib/riscv/libgcc.a(gesf2.o)
                                        0x209 (size before relaxing)
 .debug_str     0x0000000000000a0c       0x28 /data/f-of-e-tools/tools/sunflower/tools/tools-lib/riscv/libgcc.a(lesf2.o)
                                        0x209 (size before relaxing)
 .debug_str     0x0000000000000a34       0x2a /data/f-of-e-tools/tools/sunflower/tools/tools-lib/riscv/libgcc.a(subsf3.o)
                                        0x2aa (size before relaxing)
 .debug_str     0x0000000000000a5e       0x34 /data/f-of-e-tools/tools/sunflower/tools/tools-lib/riscv/libgcc.a(muldi3.o)
                                         0x88 (size before relaxing)
 .debug_str     0x0000000000000a92       0x23 /data/f-of-e-tools/tools/sunflower/tools/tools-lib/riscv/libgcc.a(div.o)
                                         0x85 (size before relaxing)
 .debug_str     0x0000000000000ab5      0x18f /data/f-of-e-tools/tools/sunflower/tools/tools-lib/riscv/libgcc.a(_clzsi2.o)
                                        0x734 (size before relaxing)
 .debug_str     0x0000000000000c44      0x717 /data/f-of-e-tools/tools/sunflower/tools/tools-lib/riscv/libgcc.a(_clz.o)
 .debug_str     0x0000000000000c44      0x3ee /data/f-of-e-tools/tools/sunflower/tools/tools-lib/riscv/libgloss.a(syscalls.o)
                                        0x979 (size before relaxing)

.debug_loc      0x0000000000000000     0x3932
 *(.debug_loc)
 .debug_loc     0x0000000000000000       0x1e /data/f-of-e-tools/tools/sunflower/tools/tools-lib/riscv/libc.a(lib_a-exit.o)
 .debug_loc     0x000000000000001e      0x16e /data/f-of-e-tools/tools/sunflower/tools/tools-lib/riscv/libc.a(lib_a-__call_atexit.o)
 .debug_loc     0x000000000000018c      0x92c /data/f-of-e-tools/tools/sunflower/tools/tools-lib/riscv/libgcc.a(addsf3.o)
 .debug_loc     0x0000000000000ab8      0x981 /data/f-of-e-tools/tools/sunflower/tools/tools-lib/riscv/libgcc.a(divsf3.o)
 .debug_loc     0x0000000000001439      0x1de /data/f-of-e-tools/tools/sunflower/tools/tools-lib/riscv/libgcc.a(gesf2.o)
 .debug_loc     0x0000000000001617      0x168 /data/f-of-e-tools/tools/sunflower/tools/tools-lib/riscv/libgcc.a(lesf2.o)
 .debug_loc     0x000000000000177f      0x934 /data/f-of-e-tools/tools/sunflower/tools/tools-lib/riscv/libgcc.a(subsf3.o)
 .debug_loc     0x00000000000020b3       0xf5 /data/f-of-e-tools/tools/sunflower/tools/tools-lib/riscv/libgcc.a(_clzsi2.o)
 .debug_loc     0x00000000000021a8     0x178a /data/f-of-e-tools/tools/sunflower/tools/tools-lib/riscv/libgloss.a(syscalls.o)

.debug_macinfo
 *(.debug_macinfo)

.debug_weaknames
 *(.debug_weaknames)

.debug_funcnames
 *(.debug_funcnames)

.debug_typenames
 *(.debug_typenames)

.debug_varnames
 *(.debug_varnames)

.debug_pubtypes
 *(.debug_pubtypes)

.debug_ranges   0x0000000000000000      0x7c0
 *(.debug_ranges)
 .debug_ranges  0x0000000000000000       0x20 /data/f-of-e-tools/tools/sunflower/tools/tools-lib/riscv/libc.a(lib_a-__call_atexit.o)
 .debug_ranges  0x0000000000000020      0x1f0 /data/f-of-e-tools/tools/sunflower/tools/tools-lib/riscv/libgcc.a(addsf3.o)
 .debug_ranges  0x0000000000000210       0xc0 /data/f-of-e-tools/tools/sunflower/tools/tools-lib/riscv/libgcc.a(divsf3.o)
 .debug_ranges  0x00000000000002d0       0x40 /data/f-of-e-tools/tools/sunflower/tools/tools-lib/riscv/libgcc.a(gesf2.o)
 .debug_ranges  0x0000000000000310       0x48 /data/f-of-e-tools/tools/sunflower/tools/tools-lib/riscv/libgcc.a(lesf2.o)
 .debug_ranges  0x0000000000000358      0x1e0 /data/f-of-e-tools/tools/sunflower/tools/tools-lib/riscv/libgcc.a(subsf3.o)
 .debug_ranges  0x0000000000000538       0x30 /data/f-of-e-tools/tools/sunflower/tools/tools-lib/riscv/libgcc.a(_clzsi2.o)
 .debug_ranges  0x0000000000000568      0x258 /data/f-of-e-tools/tools/sunflower/tools/tools-lib/riscv/libgloss.a(syscalls.o)

.debug_macro
 *(.debug_macro)

.debug_addr
 *(.debug_addr)

.gnu.attributes
 *(.gnu.attributes)

/DISCARD/
 *(.note.GNU-stack)
 *(.gnu_debuglink)
 *(.gnu.lto_*)
OUTPUT(pedometer128-sf elf32-littleriscv)
