Archive member included to satisfy reference by file (symbol)

/data/f-of-e-tools/tools/sunflower/tools/tools-lib/riscv/libprintf.a(printf.o)
                              schlieren128.o (printf_)
/data/f-of-e-tools/tools/sunflower/tools/tools-lib/riscv/libprintf.a(putchar.o)
                              /data/f-of-e-tools/tools/sunflower/tools/tools-lib/riscv/libprintf.a(printf.o) (_putchar)
/data/f-of-e-tools/tools/sunflower/tools/tools-lib/riscv/libc.a(lib_a-exit.o)
                              init-riscv.o (exit)
/data/f-of-e-tools/tools/sunflower/tools/tools-lib/riscv/libc.a(lib_a-impure.o)
                              /data/f-of-e-tools/tools/sunflower/tools/tools-lib/riscv/libc.a(lib_a-exit.o) (_global_impure_ptr)
/data/f-of-e-tools/tools/sunflower/tools/tools-lib/riscv/libc.a(lib_a-syswrite.o)
                              /data/f-of-e-tools/tools/sunflower/tools/tools-lib/riscv/libprintf.a(putchar.o) (write)
/data/f-of-e-tools/tools/sunflower/tools/tools-lib/riscv/libc.a(lib_a-writer.o)
                              /data/f-of-e-tools/tools/sunflower/tools/tools-lib/riscv/libc.a(lib_a-syswrite.o) (_write_r)
/data/f-of-e-tools/tools/sunflower/tools/tools-lib/riscv/libc.a(lib_a-__call_atexit.o)
                              /data/f-of-e-tools/tools/sunflower/tools/tools-lib/riscv/libc.a(lib_a-exit.o) (__call_exitprocs)
/data/f-of-e-tools/tools/sunflower/tools/tools-lib/riscv/libc.a(lib_a-reent.o)
                              /data/f-of-e-tools/tools/sunflower/tools/tools-lib/riscv/libc.a(lib_a-writer.o) (errno)
/data/f-of-e-tools/tools/sunflower/tools/tools-lib/riscv/libc.a(lib_a-freer.o)
                              /data/f-of-e-tools/tools/sunflower/tools/tools-lib/riscv/libc.a(lib_a-reent.o) (_free_r)
/data/f-of-e-tools/tools/sunflower/tools/tools-lib/riscv/libc.a(lib_a-mallocr.o)
                              /data/f-of-e-tools/tools/sunflower/tools/tools-lib/riscv/libc.a(lib_a-freer.o) (__malloc_top_pad)
/data/f-of-e-tools/tools/sunflower/tools/tools-lib/riscv/libc.a(lib_a-mlock.o)
                              /data/f-of-e-tools/tools/sunflower/tools/tools-lib/riscv/libc.a(lib_a-freer.o) (__malloc_lock)
/data/f-of-e-tools/tools/sunflower/tools/tools-lib/riscv/libc.a(lib_a-sbrkr.o)
                              /data/f-of-e-tools/tools/sunflower/tools/tools-lib/riscv/libc.a(lib_a-freer.o) (_sbrk_r)
/data/f-of-e-tools/tools/sunflower/tools/tools-lib/riscv/libgcc.a(_udivdi3.o)
                              /data/f-of-e-tools/tools/sunflower/tools/tools-lib/riscv/libprintf.a(printf.o) (__udivdi3)
/data/f-of-e-tools/tools/sunflower/tools/tools-lib/riscv/libgcc.a(_umoddi3.o)
                              /data/f-of-e-tools/tools/sunflower/tools/tools-lib/riscv/libprintf.a(printf.o) (__umoddi3)
/data/f-of-e-tools/tools/sunflower/tools/tools-lib/riscv/libgcc.a(adddf3.o)
                              /data/f-of-e-tools/tools/sunflower/tools/tools-lib/riscv/libprintf.a(printf.o) (__adddf3)
/data/f-of-e-tools/tools/sunflower/tools/tools-lib/riscv/libgcc.a(divdf3.o)
                              /data/f-of-e-tools/tools/sunflower/tools/tools-lib/riscv/libprintf.a(printf.o) (__divdf3)
/data/f-of-e-tools/tools/sunflower/tools/tools-lib/riscv/libgcc.a(eqdf2.o)
                              /data/f-of-e-tools/tools/sunflower/tools/tools-lib/riscv/libprintf.a(printf.o) (__nedf2)
/data/f-of-e-tools/tools/sunflower/tools/tools-lib/riscv/libgcc.a(gedf2.o)
                              /data/f-of-e-tools/tools/sunflower/tools/tools-lib/riscv/libprintf.a(printf.o) (__gedf2)
/data/f-of-e-tools/tools/sunflower/tools/tools-lib/riscv/libgcc.a(ledf2.o)
                              /data/f-of-e-tools/tools/sunflower/tools/tools-lib/riscv/libprintf.a(printf.o) (__ltdf2)
/data/f-of-e-tools/tools/sunflower/tools/tools-lib/riscv/libgcc.a(muldf3.o)
                              /data/f-of-e-tools/tools/sunflower/tools/tools-lib/riscv/libprintf.a(printf.o) (__muldf3)
/data/f-of-e-tools/tools/sunflower/tools/tools-lib/riscv/libgcc.a(subdf3.o)
                              /data/f-of-e-tools/tools/sunflower/tools/tools-lib/riscv/libprintf.a(printf.o) (__subdf3)
/data/f-of-e-tools/tools/sunflower/tools/tools-lib/riscv/libgcc.a(fixdfsi.o)
                              /data/f-of-e-tools/tools/sunflower/tools/tools-lib/riscv/libprintf.a(printf.o) (__fixdfsi)
/data/f-of-e-tools/tools/sunflower/tools/tools-lib/riscv/libgcc.a(fixunsdfsi.o)
                              /data/f-of-e-tools/tools/sunflower/tools/tools-lib/riscv/libprintf.a(printf.o) (__fixunsdfsi)
/data/f-of-e-tools/tools/sunflower/tools/tools-lib/riscv/libgcc.a(floatsidf.o)
                              /data/f-of-e-tools/tools/sunflower/tools/tools-lib/riscv/libprintf.a(printf.o) (__floatsidf)
/data/f-of-e-tools/tools/sunflower/tools/tools-lib/riscv/libgcc.a(floatunsidf.o)
                              /data/f-of-e-tools/tools/sunflower/tools/tools-lib/riscv/libprintf.a(printf.o) (__floatunsidf)
/data/f-of-e-tools/tools/sunflower/tools/tools-lib/riscv/libgcc.a(addsf3.o)
                              schlieren128.o (__addsf3)
/data/f-of-e-tools/tools/sunflower/tools/tools-lib/riscv/libgcc.a(divsf3.o)
                              schlieren128.o (__divsf3)
/data/f-of-e-tools/tools/sunflower/tools/tools-lib/riscv/libgcc.a(subsf3.o)
                              schlieren128.o (__subsf3)
/data/f-of-e-tools/tools/sunflower/tools/tools-lib/riscv/libgcc.a(extendsfdf2.o)
                              schlieren128.o (__extendsfdf2)
/data/f-of-e-tools/tools/sunflower/tools/tools-lib/riscv/libgcc.a(muldi3.o)
                              /data/f-of-e-tools/tools/sunflower/tools/tools-lib/riscv/libgcc.a(_udivdi3.o) (__mulsi3)
/data/f-of-e-tools/tools/sunflower/tools/tools-lib/riscv/libgcc.a(div.o)
                              /data/f-of-e-tools/tools/sunflower/tools/tools-lib/riscv/libprintf.a(printf.o) (__divsi3)
/data/f-of-e-tools/tools/sunflower/tools/tools-lib/riscv/libgcc.a(_clz.o)
                              /data/f-of-e-tools/tools/sunflower/tools/tools-lib/riscv/libgcc.a(_udivdi3.o) (__clz_tab)
/data/f-of-e-tools/tools/sunflower/tools/tools-lib/riscv/libgcc.a(_clzsi2.o)
                              /data/f-of-e-tools/tools/sunflower/tools/tools-lib/riscv/libgcc.a(adddf3.o) (__clzsi2)
/data/f-of-e-tools/tools/sunflower/tools/tools-lib/riscv/libgloss.a(syscalls.o)
                              /data/f-of-e-tools/tools/sunflower/tools/tools-lib/riscv/libc.a(lib_a-writer.o) (_write)

Allocating common symbols
Common symbol       size              file

errno               0x4               /data/f-of-e-tools/tools/sunflower/tools/tools-lib/riscv/libc.a(lib_a-reent.o)

Memory Configuration

Name             Origin             Length             Attributes
*default*        0x0000000000000000 0xffffffffffffffff

Linker script and memory map

Address of section .text set to 0x8004000
LOAD init-riscv.o
LOAD schlieren128.o
LOAD /data/f-of-e-tools/tools/sunflower/tools/tools-lib/riscv/libprintf.a
LOAD /data/f-of-e-tools/tools/sunflower/tools/tools-lib/riscv/libc.a
LOAD /data/f-of-e-tools/tools/sunflower/tools/tools-lib/riscv/libgcc.a
LOAD /data/f-of-e-tools/tools/sunflower/tools/tools-lib/riscv/libgloss.a
                [!provide]                        PROVIDE (__executable_start, SEGMENT_START ("text-segment", 0x10000))
                0x0000000000010074                . = (SEGMENT_START ("text-segment", 0x10000) + SIZEOF_HEADERS)

.interp
 *(.interp)

.note.gnu.build-id
 *(.note.gnu.build-id)

.hash
 *(.hash)

.gnu.hash
 *(.gnu.hash)

.dynsym
 *(.dynsym)

.dynstr
 *(.dynstr)

.gnu.version
 *(.gnu.version)

.gnu.version_d
 *(.gnu.version_d)

.gnu.version_r
 *(.gnu.version_r)

.rela.dyn       0x0000000000010074        0x0
 *(.rela.init)
 *(.rela.text .rela.text.* .rela.gnu.linkonce.t.*)
 .rela.text     0x0000000000010074        0x0 init-riscv.o
 *(.rela.fini)
 *(.rela.rodata .rela.rodata.* .rela.gnu.linkonce.r.*)
 *(.rela.data .rela.data.* .rela.gnu.linkonce.d.*)
 *(.rela.tdata .rela.tdata.* .rela.gnu.linkonce.td.*)
 *(.rela.tbss .rela.tbss.* .rela.gnu.linkonce.tb.*)
 *(.rela.ctors)
 *(.rela.dtors)
 *(.rela.got)
 *(.rela.sdata .rela.sdata.* .rela.gnu.linkonce.s.*)
 *(.rela.sbss .rela.sbss.* .rela.gnu.linkonce.sb.*)
 *(.rela.sdata2 .rela.sdata2.* .rela.gnu.linkonce.s2.*)
 *(.rela.sbss2 .rela.sbss2.* .rela.gnu.linkonce.sb2.*)
 *(.rela.bss .rela.bss.* .rela.gnu.linkonce.b.*)
                [!provide]                        PROVIDE (__rela_iplt_start, .)
 *(.rela.iplt)
                [!provide]                        PROVIDE (__rela_iplt_end, .)

.rela.plt
 *(.rela.plt)

.init
 *(SORT(.init))

.plt
 *(.plt)

.iplt
 *(.iplt)

.text           0x0000000008004000     0x8830
 *(.text.unlikely .text.*_unlikely .text.unlikely.*)
 *(.text.exit .text.exit.*)
 *(.text.startup .text.startup.*)
 *(.text.hot .text.hot.*)
 *(.text .stub .text.* .gnu.linkonce.t.*)
 .text          0x0000000008004000       0x1c init-riscv.o
                0x0000000008004000                _start
                0x0000000008004010                __errno
 .text          0x000000000800401c      0x374 schlieren128.o
                0x000000000800401c                Schlieren
                0x0000000008004084                main
 .text          0x0000000008004390     0x293c /data/f-of-e-tools/tools/sunflower/tools/tools-lib/riscv/libprintf.a(printf.o)
                0x0000000008006a38                printf_
                0x0000000008006ab0                sprintf_
                0x0000000008006b28                snprintf_
                0x0000000008006ba0                vprintf_
                0x0000000008006bf0                vsnprintf_
                0x0000000008006c44                fctprintf
 .text          0x0000000008006ccc       0x40 /data/f-of-e-tools/tools/sunflower/tools/tools-lib/riscv/libprintf.a(putchar.o)
                0x0000000008006ccc                _putchar
 .text          0x0000000008006d0c       0x34 /data/f-of-e-tools/tools/sunflower/tools/tools-lib/riscv/libc.a(lib_a-exit.o)
                0x0000000008006d0c                exit
 .text          0x0000000008006d40        0x0 /data/f-of-e-tools/tools/sunflower/tools/tools-lib/riscv/libc.a(lib_a-impure.o)
 .text          0x0000000008006d40       0x18 /data/f-of-e-tools/tools/sunflower/tools/tools-lib/riscv/libc.a(lib_a-syswrite.o)
                0x0000000008006d40                write
 .text          0x0000000008006d58       0x68 /data/f-of-e-tools/tools/sunflower/tools/tools-lib/riscv/libc.a(lib_a-writer.o)
                0x0000000008006d58                _write_r
 .text          0x0000000008006dc0      0x11c /data/f-of-e-tools/tools/sunflower/tools/tools-lib/riscv/libc.a(lib_a-__call_atexit.o)
                0x0000000008006dc0                __call_exitprocs
 .text          0x0000000008006edc      0x150 /data/f-of-e-tools/tools/sunflower/tools/tools-lib/riscv/libc.a(lib_a-reent.o)
                0x0000000008006edc                cleanup_glue
                0x0000000008006f1c                _reclaim_reent
 .text          0x000000000800702c      0x428 /data/f-of-e-tools/tools/sunflower/tools/tools-lib/riscv/libc.a(lib_a-freer.o)
                0x000000000800702c                _malloc_trim_r
                0x0000000008007158                _free_r
 .text          0x0000000008007454      0x78c /data/f-of-e-tools/tools/sunflower/tools/tools-lib/riscv/libc.a(lib_a-mallocr.o)
                0x0000000008007454                _malloc_r
 .text          0x0000000008007be0        0x8 /data/f-of-e-tools/tools/sunflower/tools/tools-lib/riscv/libc.a(lib_a-mlock.o)
                0x0000000008007be0                __malloc_lock
                0x0000000008007be4                __malloc_unlock
 .text          0x0000000008007be8       0x5c /data/f-of-e-tools/tools/sunflower/tools/tools-lib/riscv/libc.a(lib_a-sbrkr.o)
                0x0000000008007be8                _sbrk_r
 .text          0x0000000008007c44      0x638 /data/f-of-e-tools/tools/sunflower/tools/tools-lib/riscv/libgcc.a(_udivdi3.o)
                0x0000000008007c44                __udivdi3
 .text          0x000000000800827c      0x5c8 /data/f-of-e-tools/tools/sunflower/tools/tools-lib/riscv/libgcc.a(_umoddi3.o)
                0x000000000800827c                __umoddi3
 .text          0x0000000008008844      0x944 /data/f-of-e-tools/tools/sunflower/tools/tools-lib/riscv/libgcc.a(adddf3.o)
                0x0000000008008844                __adddf3
 .text          0x0000000008009188      0x8b4 /data/f-of-e-tools/tools/sunflower/tools/tools-lib/riscv/libgcc.a(divdf3.o)
                0x0000000008009188                __divdf3
 .text          0x0000000008009a3c       0x8c /data/f-of-e-tools/tools/sunflower/tools/tools-lib/riscv/libgcc.a(eqdf2.o)
                0x0000000008009a3c                __eqdf2
                0x0000000008009a3c                __nedf2
 .text          0x0000000008009ac8       0xf0 /data/f-of-e-tools/tools/sunflower/tools/tools-lib/riscv/libgcc.a(gedf2.o)
                0x0000000008009ac8                __gtdf2
                0x0000000008009ac8                __gedf2
 .text          0x0000000008009bb8       0xfc /data/f-of-e-tools/tools/sunflower/tools/tools-lib/riscv/libgcc.a(ledf2.o)
                0x0000000008009bb8                __ltdf2
                0x0000000008009bb8                __ledf2
 .text          0x0000000008009cb4      0x72c /data/f-of-e-tools/tools/sunflower/tools/tools-lib/riscv/libgcc.a(muldf3.o)
                0x0000000008009cb4                __muldf3
 .text          0x000000000800a3e0      0x904 /data/f-of-e-tools/tools/sunflower/tools/tools-lib/riscv/libgcc.a(subdf3.o)
                0x000000000800a3e0                __subdf3
 .text          0x000000000800ace4       0x84 /data/f-of-e-tools/tools/sunflower/tools/tools-lib/riscv/libgcc.a(fixdfsi.o)
                0x000000000800ace4                __fixdfsi
 .text          0x000000000800ad68       0x78 /data/f-of-e-tools/tools/sunflower/tools/tools-lib/riscv/libgcc.a(fixunsdfsi.o)
                0x000000000800ad68                __fixunsdfsi
 .text          0x000000000800ade0       0xfc /data/f-of-e-tools/tools/sunflower/tools/tools-lib/riscv/libgcc.a(floatsidf.o)
                0x000000000800ade0                __floatsidf
 .text          0x000000000800aedc       0xc0 /data/f-of-e-tools/tools/sunflower/tools/tools-lib/riscv/libgcc.a(floatunsidf.o)
                0x000000000800aedc                __floatunsidf
 .text          0x000000000800af9c      0x498 /data/f-of-e-tools/tools/sunflower/tools/tools-lib/riscv/libgcc.a(addsf3.o)
                0x000000000800af9c                __addsf3
 .text          0x000000000800b434      0x424 /data/f-of-e-tools/tools/sunflower/tools/tools-lib/riscv/libgcc.a(divsf3.o)
                0x000000000800b434                __divsf3
 .text          0x000000000800b858      0x4b8 /data/f-of-e-tools/tools/sunflower/tools/tools-lib/riscv/libgcc.a(subsf3.o)
                0x000000000800b858                __subsf3
 .text          0x000000000800bd10      0x134 /data/f-of-e-tools/tools/sunflower/tools/tools-lib/riscv/libgcc.a(extendsfdf2.o)
                0x000000000800bd10                __extendsfdf2
 .text          0x000000000800be44       0x24 /data/f-of-e-tools/tools/sunflower/tools/tools-lib/riscv/libgcc.a(muldi3.o)
                0x000000000800be44                __mulsi3
 .text          0x000000000800be68       0xb4 /data/f-of-e-tools/tools/sunflower/tools/tools-lib/riscv/libgcc.a(div.o)
                0x000000000800be68                __divsi3
                0x000000000800be70                __udivsi3
                0x000000000800beb8                __umodsi3
                0x000000000800beec                __modsi3
 .text          0x000000000800bf1c        0x0 /data/f-of-e-tools/tools/sunflower/tools/tools-lib/riscv/libgcc.a(_clz.o)
 .text          0x000000000800bf1c       0x94 /data/f-of-e-tools/tools/sunflower/tools/tools-lib/riscv/libgcc.a(_clzsi2.o)
                0x000000000800bf1c                __clzsi2
 .text          0x000000000800bfb0      0x880 /data/f-of-e-tools/tools/sunflower/tools/tools-lib/riscv/libgloss.a(syscalls.o)
                0x000000000800c054                __syscall_error
                0x000000000800c084                _open
                0x000000000800c0cc                _openat
                0x000000000800c110                _lseek
                0x000000000800c158                _read
                0x000000000800c1a0                _write
                0x000000000800c1e8                _fstat
                0x000000000800c250                _stat
                0x000000000800c2b8                _lstat
                0x000000000800c320                _fstatat
                0x000000000800c380                _access
                0x000000000800c3cc                _faccessat
                0x000000000800c410                _close
                0x000000000800c460                _link
                0x000000000800c4ac                _unlink
                0x000000000800c4fc                _execve
                0x000000000800c520                _fork
                0x000000000800c544                _getpid
                0x000000000800c54c                _kill
                0x000000000800c570                _wait
                0x000000000800c594                _isatty
                0x000000000800c5c4                _gettimeofday
                0x000000000800c614                _times
                0x000000000800c6b8                _ftime
                0x000000000800c6d4                _utime
                0x000000000800c6dc                _chown
                0x000000000800c6e4                _chmod
                0x000000000800c6ec                _chdir
                0x000000000800c6f4                _getcwd
                0x000000000800c6fc                _sysconf
                0x000000000800c718                _sbrk
                0x000000000800c7f4                _exit
 *(.gnu.warning)

.fini
 *(SORT(.fini))
                [!provide]                        PROVIDE (__etext, .)
                [!provide]                        PROVIDE (_etext, .)
                [!provide]                        PROVIDE (etext, .)

.rodata         0x000000000800c830      0x500
 *(.rodata .rodata.* .gnu.linkonce.r.*)
 .rodata        0x000000000800c830       0x1a schlieren128.o
 *fill*         0x000000000800c84a        0x6 
 .rodata        0x000000000800c850      0x2e0 /data/f-of-e-tools/tools/sunflower/tools/tools-lib/riscv/libprintf.a(printf.o)
 .rodata        0x000000000800cb30       0x40 /data/f-of-e-tools/tools/sunflower/tools/tools-lib/riscv/libgcc.a(divdf3.o)
 .rodata        0x000000000800cb70       0x40 /data/f-of-e-tools/tools/sunflower/tools/tools-lib/riscv/libgcc.a(muldf3.o)
 .rodata        0x000000000800cbb0       0x80 /data/f-of-e-tools/tools/sunflower/tools/tools-lib/riscv/libgcc.a(divsf3.o)
 .rodata        0x000000000800cc30      0x100 /data/f-of-e-tools/tools/sunflower/tools/tools-lib/riscv/libgcc.a(_clz.o)
                0x000000000800cc30                __clz_tab

.rodata1
 *(.rodata1)

.sdata2
 *(.sdata2 .sdata2.* .gnu.linkonce.s2.*)

.sbss2
 *(.sbss2 .sbss2.* .gnu.linkonce.sb2.*)

.eh_frame_hdr
 *(.eh_frame_hdr)
 *(.eh_frame_entry .eh_frame_entry.*)

.eh_frame       0x000000000800cd30      0x124
 *(.eh_frame)
 .eh_frame      0x000000000800cd30       0x98 /data/f-of-e-tools/tools/sunflower/tools/tools-lib/riscv/libgcc.a(_udivdi3.o)
 .eh_frame      0x000000000800cdc8       0x8c /data/f-of-e-tools/tools/sunflower/tools/tools-lib/riscv/libgcc.a(_umoddi3.o)
                                         0xa0 (size before relaxing)
 *(.eh_frame.*)

.gcc_except_table
 *(.gcc_except_table .gcc_except_table.*)

.gnu_extab
 *(.gnu_extab*)

.exception_ranges
 *(.exception_ranges .exception_ranges*)
                0x000000000800d000                . = DATA_SEGMENT_ALIGN (CONSTANT (MAXPAGESIZE), CONSTANT (COMMONPAGESIZE))

.eh_frame
 *(.eh_frame)
 *(.eh_frame.*)

.gnu_extab
 *(.gnu_extab)

.gcc_except_table
 *(.gcc_except_table .gcc_except_table.*)

.exception_ranges
 *(.exception_ranges .exception_ranges*)

.tdata
 *(.tdata .tdata.* .gnu.linkonce.td.*)

.tbss
 *(.tbss .tbss.* .gnu.linkonce.tb.*)
 *(.tcommon)

.preinit_array  0x000000000800d000        0x0
                [!provide]                        PROVIDE (__preinit_array_start, .)
 *(.preinit_array)
                [!provide]                        PROVIDE (__preinit_array_end, .)

.init_array     0x000000000800d000        0x0
                [!provide]                        PROVIDE (__init_array_start, .)
 *(SORT(.init_array.*) SORT(.ctors.*))
 *(.init_array EXCLUDE_FILE(*crtend?.o *crtend.o *crtbegin?.o *crtbegin.o) .ctors)
                [!provide]                        PROVIDE (__init_array_end, .)

.fini_array     0x000000000800d000        0x0
                [!provide]                        PROVIDE (__fini_array_start, .)
 *(SORT(.fini_array.*) SORT(.dtors.*))
 *(.fini_array EXCLUDE_FILE(*crtend?.o *crtend.o *crtbegin?.o *crtbegin.o) .dtors)
                [!provide]                        PROVIDE (__fini_array_end, .)

.ctors
 *crtbegin.o(.ctors)
 *crtbegin?.o(.ctors)
 *(EXCLUDE_FILE(*crtend?.o *crtend.o) .ctors)
 *(SORT(.ctors.*))
 *(.ctors)

.dtors
 *crtbegin.o(.dtors)
 *crtbegin?.o(.dtors)
 *(EXCLUDE_FILE(*crtend?.o *crtend.o) .dtors)
 *(SORT(.dtors.*))
 *(.dtors)

.jcr
 *(.jcr)

.data.rel.ro
 *(.data.rel.ro.local* .gnu.linkonce.d.rel.ro.local.*)
 *(.data.rel.ro .data.rel.ro.* .gnu.linkonce.d.rel.ro.*)

.dynamic
 *(.dynamic)
                0x000000000800d000                . = DATA_SEGMENT_RELRO_END (., 0x0)

.data           0x000000000800d000      0xc30
 *(.data .data.* .gnu.linkonce.d.*)
 .data          0x000000000800d000        0x0 init-riscv.o
 .data          0x000000000800d000      0x400 schlieren128.o
                0x000000000800d000                temp
                0x000000000800d200                humidity
 .data          0x000000000800d400        0x0 /data/f-of-e-tools/tools/sunflower/tools/tools-lib/riscv/libprintf.a(printf.o)
 .data          0x000000000800d400        0x0 /data/f-of-e-tools/tools/sunflower/tools/tools-lib/riscv/libprintf.a(putchar.o)
 .data          0x000000000800d400        0x0 /data/f-of-e-tools/tools/sunflower/tools/tools-lib/riscv/libc.a(lib_a-exit.o)
 .data          0x000000000800d400      0x428 /data/f-of-e-tools/tools/sunflower/tools/tools-lib/riscv/libc.a(lib_a-impure.o)
 .data          0x000000000800d828        0x0 /data/f-of-e-tools/tools/sunflower/tools/tools-lib/riscv/libc.a(lib_a-syswrite.o)
 .data          0x000000000800d828        0x0 /data/f-of-e-tools/tools/sunflower/tools/tools-lib/riscv/libc.a(lib_a-writer.o)
 .data          0x000000000800d828        0x0 /data/f-of-e-tools/tools/sunflower/tools/tools-lib/riscv/libc.a(lib_a-__call_atexit.o)
 .data          0x000000000800d828        0x0 /data/f-of-e-tools/tools/sunflower/tools/tools-lib/riscv/libc.a(lib_a-reent.o)
 .data          0x000000000800d828        0x0 /data/f-of-e-tools/tools/sunflower/tools/tools-lib/riscv/libc.a(lib_a-freer.o)
 .data          0x000000000800d828      0x408 /data/f-of-e-tools/tools/sunflower/tools/tools-lib/riscv/libc.a(lib_a-mallocr.o)
                0x000000000800d828                __malloc_av_
 .data          0x000000000800dc30        0x0 /data/f-of-e-tools/tools/sunflower/tools/tools-lib/riscv/libc.a(lib_a-mlock.o)
 .data          0x000000000800dc30        0x0 /data/f-of-e-tools/tools/sunflower/tools/tools-lib/riscv/libc.a(lib_a-sbrkr.o)
 .data          0x000000000800dc30        0x0 /data/f-of-e-tools/tools/sunflower/tools/tools-lib/riscv/libgcc.a(_udivdi3.o)
 .data          0x000000000800dc30        0x0 /data/f-of-e-tools/tools/sunflower/tools/tools-lib/riscv/libgcc.a(_umoddi3.o)
 .data          0x000000000800dc30        0x0 /data/f-of-e-tools/tools/sunflower/tools/tools-lib/riscv/libgcc.a(adddf3.o)
 .data          0x000000000800dc30        0x0 /data/f-of-e-tools/tools/sunflower/tools/tools-lib/riscv/libgcc.a(divdf3.o)
 .data          0x000000000800dc30        0x0 /data/f-of-e-tools/tools/sunflower/tools/tools-lib/riscv/libgcc.a(eqdf2.o)
 .data          0x000000000800dc30        0x0 /data/f-of-e-tools/tools/sunflower/tools/tools-lib/riscv/libgcc.a(gedf2.o)
 .data          0x000000000800dc30        0x0 /data/f-of-e-tools/tools/sunflower/tools/tools-lib/riscv/libgcc.a(ledf2.o)
 .data          0x000000000800dc30        0x0 /data/f-of-e-tools/tools/sunflower/tools/tools-lib/riscv/libgcc.a(muldf3.o)
 .data          0x000000000800dc30        0x0 /data/f-of-e-tools/tools/sunflower/tools/tools-lib/riscv/libgcc.a(subdf3.o)
 .data          0x000000000800dc30        0x0 /data/f-of-e-tools/tools/sunflower/tools/tools-lib/riscv/libgcc.a(fixdfsi.o)
 .data          0x000000000800dc30        0x0 /data/f-of-e-tools/tools/sunflower/tools/tools-lib/riscv/libgcc.a(fixunsdfsi.o)
 .data          0x000000000800dc30        0x0 /data/f-of-e-tools/tools/sunflower/tools/tools-lib/riscv/libgcc.a(floatsidf.o)
 .data          0x000000000800dc30        0x0 /data/f-of-e-tools/tools/sunflower/tools/tools-lib/riscv/libgcc.a(floatunsidf.o)
 .data          0x000000000800dc30        0x0 /data/f-of-e-tools/tools/sunflower/tools/tools-lib/riscv/libgcc.a(addsf3.o)
 .data          0x000000000800dc30        0x0 /data/f-of-e-tools/tools/sunflower/tools/tools-lib/riscv/libgcc.a(divsf3.o)
 .data          0x000000000800dc30        0x0 /data/f-of-e-tools/tools/sunflower/tools/tools-lib/riscv/libgcc.a(subsf3.o)
 .data          0x000000000800dc30        0x0 /data/f-of-e-tools/tools/sunflower/tools/tools-lib/riscv/libgcc.a(extendsfdf2.o)
 .data          0x000000000800dc30        0x0 /data/f-of-e-tools/tools/sunflower/tools/tools-lib/riscv/libgcc.a(muldi3.o)
 .data          0x000000000800dc30        0x0 /data/f-of-e-tools/tools/sunflower/tools/tools-lib/riscv/libgcc.a(div.o)
 .data          0x000000000800dc30        0x0 /data/f-of-e-tools/tools/sunflower/tools/tools-lib/riscv/libgcc.a(_clz.o)
 .data          0x000000000800dc30        0x0 /data/f-of-e-tools/tools/sunflower/tools/tools-lib/riscv/libgcc.a(_clzsi2.o)
 .data          0x000000000800dc30        0x0 /data/f-of-e-tools/tools/sunflower/tools/tools-lib/riscv/libgloss.a(syscalls.o)

.data1
 *(.data1)

.got
 *(.got.plt)
 *(.igot.plt)
 *(.got)
 *(.igot)

.sdata          0x000000000800dc30       0x10
                0x000000000800e430                __global_pointer$ = (. + 0x800)
 *(.srodata.cst16)
 *(.srodata.cst8)
 *(.srodata.cst4)
 *(.srodata.cst2)
 *(.srodata .srodata.*)
 .srodata       0x000000000800dc30        0x4 /data/f-of-e-tools/tools/sunflower/tools/tools-lib/riscv/libc.a(lib_a-impure.o)
                0x000000000800dc30                _global_impure_ptr
 *(.sdata .sdata.* .gnu.linkonce.s.*)
 .sdata         0x000000000800dc34        0x4 /data/f-of-e-tools/tools/sunflower/tools/tools-lib/riscv/libc.a(lib_a-impure.o)
                0x000000000800dc34                _impure_ptr
 .sdata         0x000000000800dc38        0x8 /data/f-of-e-tools/tools/sunflower/tools/tools-lib/riscv/libc.a(lib_a-mallocr.o)
                0x000000000800dc38                __malloc_sbrk_base
                0x000000000800dc3c                __malloc_trim_threshold
                0x000000000800dc40                _edata = .
                [!provide]                        PROVIDE (edata, .)
                0x000000000800dc40                . = .
                0x000000000800dc40                __bss_start = .

.sbss           0x000000000800dc40       0x10
 *(.dynsbss)
 *(.sbss .sbss.* .gnu.linkonce.sb.*)
 .sbss          0x000000000800dc40        0xc /data/f-of-e-tools/tools/sunflower/tools/tools-lib/riscv/libc.a(lib_a-mallocr.o)
                0x000000000800dc40                __malloc_max_total_mem
                0x000000000800dc44                __malloc_max_sbrked_mem
                0x000000000800dc48                __malloc_top_pad
 .sbss          0x000000000800dc4c        0x4 /data/f-of-e-tools/tools/sunflower/tools/tools-lib/riscv/libgloss.a(syscalls.o)
 *(.scommon)

.bss            0x000000000800dc50       0x3c
 *(.dynbss)
 *(.bss .bss.* .gnu.linkonce.b.*)
 .bss           0x000000000800dc50        0x0 init-riscv.o
 .bss           0x000000000800dc50        0x0 schlieren128.o
 .bss           0x000000000800dc50        0x0 /data/f-of-e-tools/tools/sunflower/tools/tools-lib/riscv/libprintf.a(printf.o)
 .bss           0x000000000800dc50        0x0 /data/f-of-e-tools/tools/sunflower/tools/tools-lib/riscv/libprintf.a(putchar.o)
 .bss           0x000000000800dc50        0x0 /data/f-of-e-tools/tools/sunflower/tools/tools-lib/riscv/libc.a(lib_a-exit.o)
 .bss           0x000000000800dc50        0x0 /data/f-of-e-tools/tools/sunflower/tools/tools-lib/riscv/libc.a(lib_a-impure.o)
 .bss           0x000000000800dc50        0x0 /data/f-of-e-tools/tools/sunflower/tools/tools-lib/riscv/libc.a(lib_a-syswrite.o)
 .bss           0x000000000800dc50        0x0 /data/f-of-e-tools/tools/sunflower/tools/tools-lib/riscv/libc.a(lib_a-writer.o)
 .bss           0x000000000800dc50        0x0 /data/f-of-e-tools/tools/sunflower/tools/tools-lib/riscv/libc.a(lib_a-__call_atexit.o)
 .bss           0x000000000800dc50        0x0 /data/f-of-e-tools/tools/sunflower/tools/tools-lib/riscv/libc.a(lib_a-reent.o)
 .bss           0x000000000800dc50        0x0 /data/f-of-e-tools/tools/sunflower/tools/tools-lib/riscv/libc.a(lib_a-freer.o)
 .bss           0x000000000800dc50       0x28 /data/f-of-e-tools/tools/sunflower/tools/tools-lib/riscv/libc.a(lib_a-mallocr.o)
                0x000000000800dc50                __malloc_current_mallinfo
 .bss           0x000000000800dc78        0x0 /data/f-of-e-tools/tools/sunflower/tools/tools-lib/riscv/libc.a(lib_a-mlock.o)
 .bss           0x000000000800dc78        0x0 /data/f-of-e-tools/tools/sunflower/tools/tools-lib/riscv/libc.a(lib_a-sbrkr.o)
 .bss           0x000000000800dc78        0x0 /data/f-of-e-tools/tools/sunflower/tools/tools-lib/riscv/libgcc.a(_udivdi3.o)
 .bss           0x000000000800dc78        0x0 /data/f-of-e-tools/tools/sunflower/tools/tools-lib/riscv/libgcc.a(_umoddi3.o)
 .bss           0x000000000800dc78        0x0 /data/f-of-e-tools/tools/sunflower/tools/tools-lib/riscv/libgcc.a(adddf3.o)
 .bss           0x000000000800dc78        0x0 /data/f-of-e-tools/tools/sunflower/tools/tools-lib/riscv/libgcc.a(divdf3.o)
 .bss           0x000000000800dc78        0x0 /data/f-of-e-tools/tools/sunflower/tools/tools-lib/riscv/libgcc.a(eqdf2.o)
 .bss           0x000000000800dc78        0x0 /data/f-of-e-tools/tools/sunflower/tools/tools-lib/riscv/libgcc.a(gedf2.o)
 .bss           0x000000000800dc78        0x0 /data/f-of-e-tools/tools/sunflower/tools/tools-lib/riscv/libgcc.a(ledf2.o)
 .bss           0x000000000800dc78        0x0 /data/f-of-e-tools/tools/sunflower/tools/tools-lib/riscv/libgcc.a(muldf3.o)
 .bss           0x000000000800dc78        0x0 /data/f-of-e-tools/tools/sunflower/tools/tools-lib/riscv/libgcc.a(subdf3.o)
 .bss           0x000000000800dc78        0x0 /data/f-of-e-tools/tools/sunflower/tools/tools-lib/riscv/libgcc.a(fixdfsi.o)
 .bss           0x000000000800dc78        0x0 /data/f-of-e-tools/tools/sunflower/tools/tools-lib/riscv/libgcc.a(fixunsdfsi.o)
 .bss           0x000000000800dc78        0x0 /data/f-of-e-tools/tools/sunflower/tools/tools-lib/riscv/libgcc.a(floatsidf.o)
 .bss           0x000000000800dc78        0x0 /data/f-of-e-tools/tools/sunflower/tools/tools-lib/riscv/libgcc.a(floatunsidf.o)
 .bss           0x000000000800dc78        0x0 /data/f-of-e-tools/tools/sunflower/tools/tools-lib/riscv/libgcc.a(addsf3.o)
 .bss           0x000000000800dc78        0x0 /data/f-of-e-tools/tools/sunflower/tools/tools-lib/riscv/libgcc.a(divsf3.o)
 .bss           0x000000000800dc78        0x0 /data/f-of-e-tools/tools/sunflower/tools/tools-lib/riscv/libgcc.a(subsf3.o)
 .bss           0x000000000800dc78        0x0 /data/f-of-e-tools/tools/sunflower/tools/tools-lib/riscv/libgcc.a(extendsfdf2.o)
 .bss           0x000000000800dc78        0x0 /data/f-of-e-tools/tools/sunflower/tools/tools-lib/riscv/libgcc.a(muldi3.o)
 .bss           0x000000000800dc78        0x0 /data/f-of-e-tools/tools/sunflower/tools/tools-lib/riscv/libgcc.a(div.o)
 .bss           0x000000000800dc78        0x0 /data/f-of-e-tools/tools/sunflower/tools/tools-lib/riscv/libgcc.a(_clz.o)
 .bss           0x000000000800dc78        0x0 /data/f-of-e-tools/tools/sunflower/tools/tools-lib/riscv/libgcc.a(_clzsi2.o)
 .bss           0x000000000800dc78       0x10 /data/f-of-e-tools/tools/sunflower/tools/tools-lib/riscv/libgloss.a(syscalls.o)
 *(COMMON)
 COMMON         0x000000000800dc88        0x4 /data/f-of-e-tools/tools/sunflower/tools/tools-lib/riscv/libc.a(lib_a-reent.o)
                0x000000000800dc88                errno
                0x000000000800dc8c                . = ALIGN ((. != 0x0)?0x4:0x1)
                0x000000000800dc8c                . = ALIGN (0x4)
                0x000000000800dc8c                . = SEGMENT_START ("ldata-segment", .)
                0x000000000800dc8c                . = ALIGN (0x4)
                0x000000000800dc8c                _end = .
                [!provide]                        PROVIDE (end, .)
                0x000000000800dc8c                . = DATA_SEGMENT_END (.)

.stab
 *(.stab)

.stabstr
 *(.stabstr)

.stab.excl
 *(.stab.excl)

.stab.exclstr
 *(.stab.exclstr)

.stab.index
 *(.stab.index)

.stab.indexstr
 *(.stab.indexstr)

.comment        0x0000000000000000       0x11
 *(.comment)
 .comment       0x0000000000000000       0x11 schlieren128.o
                                         0x12 (size before relaxing)
 .comment       0x0000000000000011       0x12 /data/f-of-e-tools/tools/sunflower/tools/tools-lib/riscv/libprintf.a(printf.o)
 .comment       0x0000000000000011       0x12 /data/f-of-e-tools/tools/sunflower/tools/tools-lib/riscv/libprintf.a(putchar.o)
 .comment       0x0000000000000011       0x12 /data/f-of-e-tools/tools/sunflower/tools/tools-lib/riscv/libc.a(lib_a-exit.o)
 .comment       0x0000000000000011       0x12 /data/f-of-e-tools/tools/sunflower/tools/tools-lib/riscv/libc.a(lib_a-impure.o)
 .comment       0x0000000000000011       0x12 /data/f-of-e-tools/tools/sunflower/tools/tools-lib/riscv/libc.a(lib_a-syswrite.o)
 .comment       0x0000000000000011       0x12 /data/f-of-e-tools/tools/sunflower/tools/tools-lib/riscv/libc.a(lib_a-writer.o)
 .comment       0x0000000000000011       0x12 /data/f-of-e-tools/tools/sunflower/tools/tools-lib/riscv/libc.a(lib_a-__call_atexit.o)
 .comment       0x0000000000000011       0x12 /data/f-of-e-tools/tools/sunflower/tools/tools-lib/riscv/libc.a(lib_a-reent.o)
 .comment       0x0000000000000011       0x12 /data/f-of-e-tools/tools/sunflower/tools/tools-lib/riscv/libc.a(lib_a-freer.o)
 .comment       0x0000000000000011       0x12 /data/f-of-e-tools/tools/sunflower/tools/tools-lib/riscv/libc.a(lib_a-mallocr.o)
 .comment       0x0000000000000011       0x12 /data/f-of-e-tools/tools/sunflower/tools/tools-lib/riscv/libc.a(lib_a-mlock.o)
 .comment       0x0000000000000011       0x12 /data/f-of-e-tools/tools/sunflower/tools/tools-lib/riscv/libc.a(lib_a-sbrkr.o)
 .comment       0x0000000000000011       0x12 /data/f-of-e-tools/tools/sunflower/tools/tools-lib/riscv/libgcc.a(_udivdi3.o)
 .comment       0x0000000000000011       0x12 /data/f-of-e-tools/tools/sunflower/tools/tools-lib/riscv/libgcc.a(_umoddi3.o)
 .comment       0x0000000000000011       0x12 /data/f-of-e-tools/tools/sunflower/tools/tools-lib/riscv/libgcc.a(adddf3.o)
 .comment       0x0000000000000011       0x12 /data/f-of-e-tools/tools/sunflower/tools/tools-lib/riscv/libgcc.a(divdf3.o)
 .comment       0x0000000000000011       0x12 /data/f-of-e-tools/tools/sunflower/tools/tools-lib/riscv/libgcc.a(eqdf2.o)
 .comment       0x0000000000000011       0x12 /data/f-of-e-tools/tools/sunflower/tools/tools-lib/riscv/libgcc.a(gedf2.o)
 .comment       0x0000000000000011       0x12 /data/f-of-e-tools/tools/sunflower/tools/tools-lib/riscv/libgcc.a(ledf2.o)
 .comment       0x0000000000000011       0x12 /data/f-of-e-tools/tools/sunflower/tools/tools-lib/riscv/libgcc.a(muldf3.o)
 .comment       0x0000000000000011       0x12 /data/f-of-e-tools/tools/sunflower/tools/tools-lib/riscv/libgcc.a(subdf3.o)
 .comment       0x0000000000000011       0x12 /data/f-of-e-tools/tools/sunflower/tools/tools-lib/riscv/libgcc.a(fixdfsi.o)
 .comment       0x0000000000000011       0x12 /data/f-of-e-tools/tools/sunflower/tools/tools-lib/riscv/libgcc.a(fixunsdfsi.o)
 .comment       0x0000000000000011       0x12 /data/f-of-e-tools/tools/sunflower/tools/tools-lib/riscv/libgcc.a(floatsidf.o)
 .comment       0x0000000000000011       0x12 /data/f-of-e-tools/tools/sunflower/tools/tools-lib/riscv/libgcc.a(floatunsidf.o)
 .comment       0x0000000000000011       0x12 /data/f-of-e-tools/tools/sunflower/tools/tools-lib/riscv/libgcc.a(addsf3.o)
 .comment       0x0000000000000011       0x12 /data/f-of-e-tools/tools/sunflower/tools/tools-lib/riscv/libgcc.a(divsf3.o)
 .comment       0x0000000000000011       0x12 /data/f-of-e-tools/tools/sunflower/tools/tools-lib/riscv/libgcc.a(subsf3.o)
 .comment       0x0000000000000011       0x12 /data/f-of-e-tools/tools/sunflower/tools/tools-lib/riscv/libgcc.a(extendsfdf2.o)
 .comment       0x0000000000000011       0x12 /data/f-of-e-tools/tools/sunflower/tools/tools-lib/riscv/libgcc.a(_clz.o)
 .comment       0x0000000000000011       0x12 /data/f-of-e-tools/tools/sunflower/tools/tools-lib/riscv/libgcc.a(_clzsi2.o)
 .comment       0x0000000000000011       0x12 /data/f-of-e-tools/tools/sunflower/tools/tools-lib/riscv/libgloss.a(syscalls.o)

.debug
 *(.debug)

.line
 *(.line)

.debug_srcinfo
 *(.debug_srcinfo)

.debug_sfnames
 *(.debug_sfnames)

.debug_aranges  0x0000000000000000      0x430
 *(.debug_aranges)
 .debug_aranges
                0x0000000000000000       0x20 /data/f-of-e-tools/tools/sunflower/tools/tools-lib/riscv/libprintf.a(printf.o)
 .debug_aranges
                0x0000000000000020       0x20 /data/f-of-e-tools/tools/sunflower/tools/tools-lib/riscv/libprintf.a(putchar.o)
 .debug_aranges
                0x0000000000000040       0x20 /data/f-of-e-tools/tools/sunflower/tools/tools-lib/riscv/libc.a(lib_a-exit.o)
 .debug_aranges
                0x0000000000000060       0x18 /data/f-of-e-tools/tools/sunflower/tools/tools-lib/riscv/libc.a(lib_a-impure.o)
 .debug_aranges
                0x0000000000000078       0x20 /data/f-of-e-tools/tools/sunflower/tools/tools-lib/riscv/libc.a(lib_a-syswrite.o)
 .debug_aranges
                0x0000000000000098       0x20 /data/f-of-e-tools/tools/sunflower/tools/tools-lib/riscv/libc.a(lib_a-writer.o)
 .debug_aranges
                0x00000000000000b8       0x20 /data/f-of-e-tools/tools/sunflower/tools/tools-lib/riscv/libc.a(lib_a-__call_atexit.o)
 .debug_aranges
                0x00000000000000d8       0x20 /data/f-of-e-tools/tools/sunflower/tools/tools-lib/riscv/libc.a(lib_a-reent.o)
 .debug_aranges
                0x00000000000000f8       0x20 /data/f-of-e-tools/tools/sunflower/tools/tools-lib/riscv/libc.a(lib_a-freer.o)
 .debug_aranges
                0x0000000000000118       0x20 /data/f-of-e-tools/tools/sunflower/tools/tools-lib/riscv/libc.a(lib_a-mallocr.o)
 .debug_aranges
                0x0000000000000138       0x20 /data/f-of-e-tools/tools/sunflower/tools/tools-lib/riscv/libc.a(lib_a-mlock.o)
 .debug_aranges
                0x0000000000000158       0x20 /data/f-of-e-tools/tools/sunflower/tools/tools-lib/riscv/libc.a(lib_a-sbrkr.o)
 .debug_aranges
                0x0000000000000178       0x20 /data/f-of-e-tools/tools/sunflower/tools/tools-lib/riscv/libgcc.a(_udivdi3.o)
 .debug_aranges
                0x0000000000000198       0x20 /data/f-of-e-tools/tools/sunflower/tools/tools-lib/riscv/libgcc.a(_umoddi3.o)
 .debug_aranges
                0x00000000000001b8       0x20 /data/f-of-e-tools/tools/sunflower/tools/tools-lib/riscv/libgcc.a(adddf3.o)
 .debug_aranges
                0x00000000000001d8       0x20 /data/f-of-e-tools/tools/sunflower/tools/tools-lib/riscv/libgcc.a(divdf3.o)
 .debug_aranges
                0x00000000000001f8       0x20 /data/f-of-e-tools/tools/sunflower/tools/tools-lib/riscv/libgcc.a(eqdf2.o)
 .debug_aranges
                0x0000000000000218       0x20 /data/f-of-e-tools/tools/sunflower/tools/tools-lib/riscv/libgcc.a(gedf2.o)
 .debug_aranges
                0x0000000000000238       0x20 /data/f-of-e-tools/tools/sunflower/tools/tools-lib/riscv/libgcc.a(ledf2.o)
 .debug_aranges
                0x0000000000000258       0x20 /data/f-of-e-tools/tools/sunflower/tools/tools-lib/riscv/libgcc.a(muldf3.o)
 .debug_aranges
                0x0000000000000278       0x20 /data/f-of-e-tools/tools/sunflower/tools/tools-lib/riscv/libgcc.a(subdf3.o)
 .debug_aranges
                0x0000000000000298       0x20 /data/f-of-e-tools/tools/sunflower/tools/tools-lib/riscv/libgcc.a(fixdfsi.o)
 .debug_aranges
                0x00000000000002b8       0x20 /data/f-of-e-tools/tools/sunflower/tools/tools-lib/riscv/libgcc.a(fixunsdfsi.o)
 .debug_aranges
                0x00000000000002d8       0x20 /data/f-of-e-tools/tools/sunflower/tools/tools-lib/riscv/libgcc.a(floatsidf.o)
 .debug_aranges
                0x00000000000002f8       0x20 /data/f-of-e-tools/tools/sunflower/tools/tools-lib/riscv/libgcc.a(floatunsidf.o)
 .debug_aranges
                0x0000000000000318       0x20 /data/f-of-e-tools/tools/sunflower/tools/tools-lib/riscv/libgcc.a(addsf3.o)
 .debug_aranges
                0x0000000000000338       0x20 /data/f-of-e-tools/tools/sunflower/tools/tools-lib/riscv/libgcc.a(divsf3.o)
 .debug_aranges
                0x0000000000000358       0x20 /data/f-of-e-tools/tools/sunflower/tools/tools-lib/riscv/libgcc.a(subsf3.o)
 .debug_aranges
                0x0000000000000378       0x20 /data/f-of-e-tools/tools/sunflower/tools/tools-lib/riscv/libgcc.a(extendsfdf2.o)
 .debug_aranges
                0x0000000000000398       0x20 /data/f-of-e-tools/tools/sunflower/tools/tools-lib/riscv/libgcc.a(muldi3.o)
 .debug_aranges
                0x00000000000003b8       0x20 /data/f-of-e-tools/tools/sunflower/tools/tools-lib/riscv/libgcc.a(div.o)
 .debug_aranges
                0x00000000000003d8       0x18 /data/f-of-e-tools/tools/sunflower/tools/tools-lib/riscv/libgcc.a(_clz.o)
 .debug_aranges
                0x00000000000003f0       0x20 /data/f-of-e-tools/tools/sunflower/tools/tools-lib/riscv/libgcc.a(_clzsi2.o)
 .debug_aranges
                0x0000000000000410       0x20 /data/f-of-e-tools/tools/sunflower/tools/tools-lib/riscv/libgloss.a(syscalls.o)

.debug_pubnames
 *(.debug_pubnames)

.debug_info     0x0000000000000000    0x115c7
 *(.debug_info .gnu.linkonce.wi.*)
 .debug_info    0x0000000000000000      0xe0c /data/f-of-e-tools/tools/sunflower/tools/tools-lib/riscv/libprintf.a(printf.o)
 .debug_info    0x0000000000000e0c       0xf0 /data/f-of-e-tools/tools/sunflower/tools/tools-lib/riscv/libprintf.a(putchar.o)
 .debug_info    0x0000000000000efc      0x9d8 /data/f-of-e-tools/tools/sunflower/tools/tools-lib/riscv/libc.a(lib_a-exit.o)
 .debug_info    0x00000000000018d4      0x936 /data/f-of-e-tools/tools/sunflower/tools/tools-lib/riscv/libc.a(lib_a-impure.o)
 .debug_info    0x000000000000220a      0x9ec /data/f-of-e-tools/tools/sunflower/tools/tools-lib/riscv/libc.a(lib_a-syswrite.o)
 .debug_info    0x0000000000002bf6      0xa2e /data/f-of-e-tools/tools/sunflower/tools/tools-lib/riscv/libc.a(lib_a-writer.o)
 .debug_info    0x0000000000003624      0x9f3 /data/f-of-e-tools/tools/sunflower/tools/tools-lib/riscv/libc.a(lib_a-__call_atexit.o)
 .debug_info    0x0000000000004017      0xab5 /data/f-of-e-tools/tools/sunflower/tools/tools-lib/riscv/libc.a(lib_a-reent.o)
 .debug_info    0x0000000000004acc      0xd73 /data/f-of-e-tools/tools/sunflower/tools/tools-lib/riscv/libc.a(lib_a-freer.o)
 .debug_info    0x000000000000583f      0xeb1 /data/f-of-e-tools/tools/sunflower/tools/tools-lib/riscv/libc.a(lib_a-mallocr.o)
 .debug_info    0x00000000000066f0      0x96d /data/f-of-e-tools/tools/sunflower/tools/tools-lib/riscv/libc.a(lib_a-mlock.o)
 .debug_info    0x000000000000705d      0x9f8 /data/f-of-e-tools/tools/sunflower/tools/tools-lib/riscv/libc.a(lib_a-sbrkr.o)
 .debug_info    0x0000000000007a55     0x12fc /data/f-of-e-tools/tools/sunflower/tools/tools-lib/riscv/libgcc.a(_udivdi3.o)
 .debug_info    0x0000000000008d51     0x1362 /data/f-of-e-tools/tools/sunflower/tools/tools-lib/riscv/libgcc.a(_umoddi3.o)
 .debug_info    0x000000000000a0b3      0x5b9 /data/f-of-e-tools/tools/sunflower/tools/tools-lib/riscv/libgcc.a(adddf3.o)
 .debug_info    0x000000000000a66c      0x884 /data/f-of-e-tools/tools/sunflower/tools/tools-lib/riscv/libgcc.a(divdf3.o)
 .debug_info    0x000000000000aef0      0x28d /data/f-of-e-tools/tools/sunflower/tools/tools-lib/riscv/libgcc.a(eqdf2.o)
 .debug_info    0x000000000000b17d      0x288 /data/f-of-e-tools/tools/sunflower/tools/tools-lib/riscv/libgcc.a(gedf2.o)
 .debug_info    0x000000000000b405      0x286 /data/f-of-e-tools/tools/sunflower/tools/tools-lib/riscv/libgcc.a(ledf2.o)
 .debug_info    0x000000000000b68b      0xa04 /data/f-of-e-tools/tools/sunflower/tools/tools-lib/riscv/libgcc.a(muldf3.o)
 .debug_info    0x000000000000c08f      0x5b7 /data/f-of-e-tools/tools/sunflower/tools/tools-lib/riscv/libgcc.a(subdf3.o)
 .debug_info    0x000000000000c646      0x217 /data/f-of-e-tools/tools/sunflower/tools/tools-lib/riscv/libgcc.a(fixdfsi.o)
 .debug_info    0x000000000000c85d      0x208 /data/f-of-e-tools/tools/sunflower/tools/tools-lib/riscv/libgcc.a(fixunsdfsi.o)
 .debug_info    0x000000000000ca65      0x2bc /data/f-of-e-tools/tools/sunflower/tools/tools-lib/riscv/libgcc.a(floatsidf.o)
 .debug_info    0x000000000000cd21      0x2af /data/f-of-e-tools/tools/sunflower/tools/tools-lib/riscv/libgcc.a(floatunsidf.o)
 .debug_info    0x000000000000cfd0      0x351 /data/f-of-e-tools/tools/sunflower/tools/tools-lib/riscv/libgcc.a(addsf3.o)
 .debug_info    0x000000000000d321      0x3c3 /data/f-of-e-tools/tools/sunflower/tools/tools-lib/riscv/libgcc.a(divsf3.o)
 .debug_info    0x000000000000d6e4      0x351 /data/f-of-e-tools/tools/sunflower/tools/tools-lib/riscv/libgcc.a(subsf3.o)
 .debug_info    0x000000000000da35      0x2a9 /data/f-of-e-tools/tools/sunflower/tools/tools-lib/riscv/libgcc.a(extendsfdf2.o)
 .debug_info    0x000000000000dcde       0x26 /data/f-of-e-tools/tools/sunflower/tools/tools-lib/riscv/libgcc.a(muldi3.o)
 .debug_info    0x000000000000dd04       0x26 /data/f-of-e-tools/tools/sunflower/tools/tools-lib/riscv/libgcc.a(div.o)
 .debug_info    0x000000000000dd2a      0xb39 /data/f-of-e-tools/tools/sunflower/tools/tools-lib/riscv/libgcc.a(_clz.o)
 .debug_info    0x000000000000e863      0xba6 /data/f-of-e-tools/tools/sunflower/tools/tools-lib/riscv/libgcc.a(_clzsi2.o)
 .debug_info    0x000000000000f409     0x21be /data/f-of-e-tools/tools/sunflower/tools/tools-lib/riscv/libgloss.a(syscalls.o)

.debug_abbrev   0x0000000000000000     0x3f96
 *(.debug_abbrev)
 .debug_abbrev  0x0000000000000000      0x218 /data/f-of-e-tools/tools/sunflower/tools/tools-lib/riscv/libprintf.a(printf.o)
 .debug_abbrev  0x0000000000000218       0x71 /data/f-of-e-tools/tools/sunflower/tools/tools-lib/riscv/libprintf.a(putchar.o)
 .debug_abbrev  0x0000000000000289      0x21c /data/f-of-e-tools/tools/sunflower/tools/tools-lib/riscv/libc.a(lib_a-exit.o)
 .debug_abbrev  0x00000000000004a5      0x1b8 /data/f-of-e-tools/tools/sunflower/tools/tools-lib/riscv/libc.a(lib_a-impure.o)
 .debug_abbrev  0x000000000000065d      0x216 /data/f-of-e-tools/tools/sunflower/tools/tools-lib/riscv/libc.a(lib_a-syswrite.o)
 .debug_abbrev  0x0000000000000873      0x245 /data/f-of-e-tools/tools/sunflower/tools/tools-lib/riscv/libc.a(lib_a-writer.o)
 .debug_abbrev  0x0000000000000ab8      0x24f /data/f-of-e-tools/tools/sunflower/tools/tools-lib/riscv/libc.a(lib_a-__call_atexit.o)
 .debug_abbrev  0x0000000000000d07      0x2ae /data/f-of-e-tools/tools/sunflower/tools/tools-lib/riscv/libc.a(lib_a-reent.o)
 .debug_abbrev  0x0000000000000fb5      0x2bd /data/f-of-e-tools/tools/sunflower/tools/tools-lib/riscv/libc.a(lib_a-freer.o)
 .debug_abbrev  0x0000000000001272      0x30f /data/f-of-e-tools/tools/sunflower/tools/tools-lib/riscv/libc.a(lib_a-mallocr.o)
 .debug_abbrev  0x0000000000001581      0x1ff /data/f-of-e-tools/tools/sunflower/tools/tools-lib/riscv/libc.a(lib_a-mlock.o)
 .debug_abbrev  0x0000000000001780      0x247 /data/f-of-e-tools/tools/sunflower/tools/tools-lib/riscv/libc.a(lib_a-sbrkr.o)
 .debug_abbrev  0x00000000000019c7      0x2e0 /data/f-of-e-tools/tools/sunflower/tools/tools-lib/riscv/libgcc.a(_udivdi3.o)
 .debug_abbrev  0x0000000000001ca7      0x2f1 /data/f-of-e-tools/tools/sunflower/tools/tools-lib/riscv/libgcc.a(_umoddi3.o)
 .debug_abbrev  0x0000000000001f98      0x196 /data/f-of-e-tools/tools/sunflower/tools/tools-lib/riscv/libgcc.a(adddf3.o)
 .debug_abbrev  0x000000000000212e      0x1a1 /data/f-of-e-tools/tools/sunflower/tools/tools-lib/riscv/libgcc.a(divdf3.o)
 .debug_abbrev  0x00000000000022cf      0x197 /data/f-of-e-tools/tools/sunflower/tools/tools-lib/riscv/libgcc.a(eqdf2.o)
 .debug_abbrev  0x0000000000002466      0x199 /data/f-of-e-tools/tools/sunflower/tools/tools-lib/riscv/libgcc.a(gedf2.o)
 .debug_abbrev  0x00000000000025ff      0x188 /data/f-of-e-tools/tools/sunflower/tools/tools-lib/riscv/libgcc.a(ledf2.o)
 .debug_abbrev  0x0000000000002787      0x1a8 /data/f-of-e-tools/tools/sunflower/tools/tools-lib/riscv/libgcc.a(muldf3.o)
 .debug_abbrev  0x000000000000292f      0x1a7 /data/f-of-e-tools/tools/sunflower/tools/tools-lib/riscv/libgcc.a(subdf3.o)
 .debug_abbrev  0x0000000000002ad6      0x18a /data/f-of-e-tools/tools/sunflower/tools/tools-lib/riscv/libgcc.a(fixdfsi.o)
 .debug_abbrev  0x0000000000002c60      0x18a /data/f-of-e-tools/tools/sunflower/tools/tools-lib/riscv/libgcc.a(fixunsdfsi.o)
 .debug_abbrev  0x0000000000002dea      0x178 /data/f-of-e-tools/tools/sunflower/tools/tools-lib/riscv/libgcc.a(floatsidf.o)
 .debug_abbrev  0x0000000000002f62      0x178 /data/f-of-e-tools/tools/sunflower/tools/tools-lib/riscv/libgcc.a(floatunsidf.o)
 .debug_abbrev  0x00000000000030da      0x191 /data/f-of-e-tools/tools/sunflower/tools/tools-lib/riscv/libgcc.a(addsf3.o)
 .debug_abbrev  0x000000000000326b      0x171 /data/f-of-e-tools/tools/sunflower/tools/tools-lib/riscv/libgcc.a(divsf3.o)
 .debug_abbrev  0x00000000000033dc      0x191 /data/f-of-e-tools/tools/sunflower/tools/tools-lib/riscv/libgcc.a(subsf3.o)
 .debug_abbrev  0x000000000000356d      0x172 /data/f-of-e-tools/tools/sunflower/tools/tools-lib/riscv/libgcc.a(extendsfdf2.o)
 .debug_abbrev  0x00000000000036df       0x14 /data/f-of-e-tools/tools/sunflower/tools/tools-lib/riscv/libgcc.a(muldi3.o)
 .debug_abbrev  0x00000000000036f3       0x14 /data/f-of-e-tools/tools/sunflower/tools/tools-lib/riscv/libgcc.a(div.o)
 .debug_abbrev  0x0000000000003707      0x1e8 /data/f-of-e-tools/tools/sunflower/tools/tools-lib/riscv/libgcc.a(_clz.o)
 .debug_abbrev  0x00000000000038ef      0x242 /data/f-of-e-tools/tools/sunflower/tools/tools-lib/riscv/libgcc.a(_clzsi2.o)
 .debug_abbrev  0x0000000000003b31      0x465 /data/f-of-e-tools/tools/sunflower/tools/tools-lib/riscv/libgloss.a(syscalls.o)

.debug_line     0x0000000000000000     0xeb14
 *(.debug_line .debug_line.* .debug_line_end)
 .debug_line    0x0000000000000000     0x19e9 /data/f-of-e-tools/tools/sunflower/tools/tools-lib/riscv/libprintf.a(printf.o)
 .debug_line    0x00000000000019e9       0xef /data/f-of-e-tools/tools/sunflower/tools/tools-lib/riscv/libprintf.a(putchar.o)
 .debug_line    0x0000000000001ad8      0x22d /data/f-of-e-tools/tools/sunflower/tools/tools-lib/riscv/libc.a(lib_a-exit.o)
 .debug_line    0x0000000000001d05      0x13a /data/f-of-e-tools/tools/sunflower/tools/tools-lib/riscv/libc.a(lib_a-impure.o)
 .debug_line    0x0000000000001e3f      0x1d3 /data/f-of-e-tools/tools/sunflower/tools/tools-lib/riscv/libc.a(lib_a-syswrite.o)
 .debug_line    0x0000000000002012      0x25a /data/f-of-e-tools/tools/sunflower/tools/tools-lib/riscv/libc.a(lib_a-writer.o)
 .debug_line    0x000000000000226c      0x3ab /data/f-of-e-tools/tools/sunflower/tools/tools-lib/riscv/libc.a(lib_a-__call_atexit.o)
 .debug_line    0x0000000000002617      0x3c8 /data/f-of-e-tools/tools/sunflower/tools/tools-lib/riscv/libc.a(lib_a-reent.o)
 .debug_line    0x00000000000029df      0xa32 /data/f-of-e-tools/tools/sunflower/tools/tools-lib/riscv/libc.a(lib_a-freer.o)
 .debug_line    0x0000000000003411     0x1055 /data/f-of-e-tools/tools/sunflower/tools/tools-lib/riscv/libc.a(lib_a-mallocr.o)
 .debug_line    0x0000000000004466      0x15d /data/f-of-e-tools/tools/sunflower/tools/tools-lib/riscv/libc.a(lib_a-mlock.o)
 .debug_line    0x00000000000045c3      0x267 /data/f-of-e-tools/tools/sunflower/tools/tools-lib/riscv/libc.a(lib_a-sbrkr.o)
 .debug_line    0x000000000000482a      0x930 /data/f-of-e-tools/tools/sunflower/tools/tools-lib/riscv/libgcc.a(_udivdi3.o)
 .debug_line    0x000000000000515a      0x9b1 /data/f-of-e-tools/tools/sunflower/tools/tools-lib/riscv/libgcc.a(_umoddi3.o)
 .debug_line    0x0000000000005b0b     0x10b8 /data/f-of-e-tools/tools/sunflower/tools/tools-lib/riscv/libgcc.a(adddf3.o)
 .debug_line    0x0000000000006bc3     0x1056 /data/f-of-e-tools/tools/sunflower/tools/tools-lib/riscv/libgcc.a(divdf3.o)
 .debug_line    0x0000000000007c19      0x22e /data/f-of-e-tools/tools/sunflower/tools/tools-lib/riscv/libgcc.a(eqdf2.o)
 .debug_line    0x0000000000007e47      0x317 /data/f-of-e-tools/tools/sunflower/tools/tools-lib/riscv/libgcc.a(gedf2.o)
 .debug_line    0x000000000000815e      0x319 /data/f-of-e-tools/tools/sunflower/tools/tools-lib/riscv/libgcc.a(ledf2.o)
 .debug_line    0x0000000000008477      0xfe6 /data/f-of-e-tools/tools/sunflower/tools/tools-lib/riscv/libgcc.a(muldf3.o)
 .debug_line    0x000000000000945d     0x10bf /data/f-of-e-tools/tools/sunflower/tools/tools-lib/riscv/libgcc.a(subdf3.o)
 .debug_line    0x000000000000a51c      0x1ec /data/f-of-e-tools/tools/sunflower/tools/tools-lib/riscv/libgcc.a(fixdfsi.o)
 .debug_line    0x000000000000a708      0x1b5 /data/f-of-e-tools/tools/sunflower/tools/tools-lib/riscv/libgcc.a(fixunsdfsi.o)
 .debug_line    0x000000000000a8bd      0x2b2 /data/f-of-e-tools/tools/sunflower/tools/tools-lib/riscv/libgcc.a(floatsidf.o)
 .debug_line    0x000000000000ab6f      0x214 /data/f-of-e-tools/tools/sunflower/tools/tools-lib/riscv/libgcc.a(floatunsidf.o)
 .debug_line    0x000000000000ad83      0x9f1 /data/f-of-e-tools/tools/sunflower/tools/tools-lib/riscv/libgcc.a(addsf3.o)
 .debug_line    0x000000000000b774      0x75a /data/f-of-e-tools/tools/sunflower/tools/tools-lib/riscv/libgcc.a(divsf3.o)
 .debug_line    0x000000000000bece      0xa56 /data/f-of-e-tools/tools/sunflower/tools/tools-lib/riscv/libgcc.a(subsf3.o)
 .debug_line    0x000000000000c924      0x340 /data/f-of-e-tools/tools/sunflower/tools/tools-lib/riscv/libgcc.a(extendsfdf2.o)
 .debug_line    0x000000000000cc64       0x86 /data/f-of-e-tools/tools/sunflower/tools/tools-lib/riscv/libgcc.a(muldi3.o)
 .debug_line    0x000000000000ccea      0x15c /data/f-of-e-tools/tools/sunflower/tools/tools-lib/riscv/libgcc.a(div.o)
 .debug_line    0x000000000000ce46      0x1f6 /data/f-of-e-tools/tools/sunflower/tools/tools-lib/riscv/libgcc.a(_clz.o)
 .debug_line    0x000000000000d03c      0x2ca /data/f-of-e-tools/tools/sunflower/tools/tools-lib/riscv/libgcc.a(_clzsi2.o)
 .debug_line    0x000000000000d306     0x180e /data/f-of-e-tools/tools/sunflower/tools/tools-lib/riscv/libgloss.a(syscalls.o)

.debug_frame    0x0000000000000000     0x16bc
 *(.debug_frame)
 .debug_frame   0x0000000000000000      0x554 /data/f-of-e-tools/tools/sunflower/tools/tools-lib/riscv/libprintf.a(printf.o)
 .debug_frame   0x0000000000000554       0x4c /data/f-of-e-tools/tools/sunflower/tools/tools-lib/riscv/libprintf.a(putchar.o)
 .debug_frame   0x00000000000005a0       0x30 /data/f-of-e-tools/tools/sunflower/tools/tools-lib/riscv/libc.a(lib_a-exit.o)
 .debug_frame   0x00000000000005d0       0x20 /data/f-of-e-tools/tools/sunflower/tools/tools-lib/riscv/libc.a(lib_a-syswrite.o)
 .debug_frame   0x00000000000005f0       0x70 /data/f-of-e-tools/tools/sunflower/tools/tools-lib/riscv/libc.a(lib_a-writer.o)
 .debug_frame   0x0000000000000660       0x90 /data/f-of-e-tools/tools/sunflower/tools/tools-lib/riscv/libc.a(lib_a-__call_atexit.o)
 .debug_frame   0x00000000000006f0       0xc8 /data/f-of-e-tools/tools/sunflower/tools/tools-lib/riscv/libc.a(lib_a-reent.o)
 .debug_frame   0x00000000000007b8      0x118 /data/f-of-e-tools/tools/sunflower/tools/tools-lib/riscv/libc.a(lib_a-freer.o)
 .debug_frame   0x00000000000008d0       0x94 /data/f-of-e-tools/tools/sunflower/tools/tools-lib/riscv/libc.a(lib_a-mallocr.o)
 .debug_frame   0x0000000000000964       0x30 /data/f-of-e-tools/tools/sunflower/tools/tools-lib/riscv/libc.a(lib_a-mlock.o)
 .debug_frame   0x0000000000000994       0x70 /data/f-of-e-tools/tools/sunflower/tools/tools-lib/riscv/libc.a(lib_a-sbrkr.o)
 .debug_frame   0x0000000000000a04       0x94 /data/f-of-e-tools/tools/sunflower/tools/tools-lib/riscv/libgcc.a(_udivdi3.o)
 .debug_frame   0x0000000000000a98       0x9c /data/f-of-e-tools/tools/sunflower/tools/tools-lib/riscv/libgcc.a(_umoddi3.o)
 .debug_frame   0x0000000000000b34       0x68 /data/f-of-e-tools/tools/sunflower/tools/tools-lib/riscv/libgcc.a(adddf3.o)
 .debug_frame   0x0000000000000b9c       0xa8 /data/f-of-e-tools/tools/sunflower/tools/tools-lib/riscv/libgcc.a(divdf3.o)
 .debug_frame   0x0000000000000c44       0x20 /data/f-of-e-tools/tools/sunflower/tools/tools-lib/riscv/libgcc.a(eqdf2.o)
 .debug_frame   0x0000000000000c64       0x20 /data/f-of-e-tools/tools/sunflower/tools/tools-lib/riscv/libgcc.a(gedf2.o)
 .debug_frame   0x0000000000000c84       0x20 /data/f-of-e-tools/tools/sunflower/tools/tools-lib/riscv/libgcc.a(ledf2.o)
 .debug_frame   0x0000000000000ca4       0x88 /data/f-of-e-tools/tools/sunflower/tools/tools-lib/riscv/libgcc.a(muldf3.o)
 .debug_frame   0x0000000000000d2c       0x68 /data/f-of-e-tools/tools/sunflower/tools/tools-lib/riscv/libgcc.a(subdf3.o)
 .debug_frame   0x0000000000000d94       0x20 /data/f-of-e-tools/tools/sunflower/tools/tools-lib/riscv/libgcc.a(fixdfsi.o)
 .debug_frame   0x0000000000000db4       0x20 /data/f-of-e-tools/tools/sunflower/tools/tools-lib/riscv/libgcc.a(fixunsdfsi.o)
 .debug_frame   0x0000000000000dd4       0x54 /data/f-of-e-tools/tools/sunflower/tools/tools-lib/riscv/libgcc.a(floatsidf.o)
 .debug_frame   0x0000000000000e28       0x4c /data/f-of-e-tools/tools/sunflower/tools/tools-lib/riscv/libgcc.a(floatunsidf.o)
 .debug_frame   0x0000000000000e74       0x64 /data/f-of-e-tools/tools/sunflower/tools/tools-lib/riscv/libgcc.a(addsf3.o)
 .debug_frame   0x0000000000000ed8       0x94 /data/f-of-e-tools/tools/sunflower/tools/tools-lib/riscv/libgcc.a(divsf3.o)
 .debug_frame   0x0000000000000f6c       0x5c /data/f-of-e-tools/tools/sunflower/tools/tools-lib/riscv/libgcc.a(subsf3.o)
 .debug_frame   0x0000000000000fc8       0x58 /data/f-of-e-tools/tools/sunflower/tools/tools-lib/riscv/libgcc.a(extendsfdf2.o)
 .debug_frame   0x0000000000001020       0x20 /data/f-of-e-tools/tools/sunflower/tools/tools-lib/riscv/libgcc.a(_clzsi2.o)
 .debug_frame   0x0000000000001040      0x67c /data/f-of-e-tools/tools/sunflower/tools/tools-lib/riscv/libgloss.a(syscalls.o)

.debug_str      0x0000000000000000     0x1c3d
 *(.debug_str)
 .debug_str     0x0000000000000000      0x280 /data/f-of-e-tools/tools/sunflower/tools/tools-lib/riscv/libprintf.a(printf.o)
                                        0x336 (size before relaxing)
 .debug_str     0x0000000000000280       0x71 /data/f-of-e-tools/tools/sunflower/tools/tools-lib/riscv/libprintf.a(putchar.o)
                                        0x171 (size before relaxing)
 .debug_str     0x00000000000002f1      0x490 /data/f-of-e-tools/tools/sunflower/tools/tools-lib/riscv/libc.a(lib_a-exit.o)
                                        0x5a5 (size before relaxing)
 .debug_str     0x0000000000000781       0xa1 /data/f-of-e-tools/tools/sunflower/tools/tools-lib/riscv/libc.a(lib_a-impure.o)
                                        0x559 (size before relaxing)
 .debug_str     0x0000000000000822       0xa6 /data/f-of-e-tools/tools/sunflower/tools/tools-lib/riscv/libc.a(lib_a-syswrite.o)
                                        0x598 (size before relaxing)
 .debug_str     0x00000000000008c8       0x2a /data/f-of-e-tools/tools/sunflower/tools/tools-lib/riscv/libc.a(lib_a-writer.o)
                                        0x590 (size before relaxing)
 .debug_str     0x00000000000008f2       0x59 /data/f-of-e-tools/tools/sunflower/tools/tools-lib/riscv/libc.a(lib_a-__call_atexit.o)
                                        0x5a2 (size before relaxing)
 .debug_str     0x000000000000094b       0x5d /data/f-of-e-tools/tools/sunflower/tools/tools-lib/riscv/libc.a(lib_a-reent.o)
                                        0x595 (size before relaxing)
 .debug_str     0x00000000000009a8      0x1af /data/f-of-e-tools/tools/sunflower/tools/tools-lib/riscv/libc.a(lib_a-freer.o)
                                        0x73a (size before relaxing)
 .debug_str     0x0000000000000b57       0xc0 /data/f-of-e-tools/tools/sunflower/tools/tools-lib/riscv/libc.a(lib_a-mallocr.o)
                                        0x7c1 (size before relaxing)
 .debug_str     0x0000000000000c17       0x43 /data/f-of-e-tools/tools/sunflower/tools/tools-lib/riscv/libc.a(lib_a-mlock.o)
                                        0x585 (size before relaxing)
 .debug_str     0x0000000000000c5a       0x3e /data/f-of-e-tools/tools/sunflower/tools/tools-lib/riscv/libc.a(lib_a-sbrkr.o)
                                        0x59c (size before relaxing)
 .debug_str     0x0000000000000c98      0x2f6 /data/f-of-e-tools/tools/sunflower/tools/tools-lib/riscv/libgcc.a(_udivdi3.o)
                                        0x7dc (size before relaxing)
 .debug_str     0x0000000000000f8e        0xa /data/f-of-e-tools/tools/sunflower/tools/tools-lib/riscv/libgcc.a(_umoddi3.o)
                                        0x7dc (size before relaxing)
 .debug_str     0x0000000000000f98      0x1fb /data/f-of-e-tools/tools/sunflower/tools/tools-lib/riscv/libgcc.a(adddf3.o)
                                        0x2e7 (size before relaxing)
 .debug_str     0x0000000000001193      0x18c /data/f-of-e-tools/tools/sunflower/tools/tools-lib/riscv/libgcc.a(divdf3.o)
                                        0x3b5 (size before relaxing)
 .debug_str     0x000000000000131f       0x47 /data/f-of-e-tools/tools/sunflower/tools/tools-lib/riscv/libgcc.a(eqdf2.o)
                                        0x201 (size before relaxing)
 .debug_str     0x0000000000001366       0x4c /data/f-of-e-tools/tools/sunflower/tools/tools-lib/riscv/libgcc.a(gedf2.o)
                                        0x225 (size before relaxing)
 .debug_str     0x00000000000013b2       0x28 /data/f-of-e-tools/tools/sunflower/tools/tools-lib/riscv/libgcc.a(ledf2.o)
                                        0x225 (size before relaxing)
 .debug_str     0x00000000000013da      0x14f /data/f-of-e-tools/tools/sunflower/tools/tools-lib/riscv/libgcc.a(muldf3.o)
                                        0x40d (size before relaxing)
 .debug_str     0x0000000000001529       0x2a /data/f-of-e-tools/tools/sunflower/tools/tools-lib/riscv/libgcc.a(subdf3.o)
                                        0x2e7 (size before relaxing)
 .debug_str     0x0000000000001553       0x3f /data/f-of-e-tools/tools/sunflower/tools/tools-lib/riscv/libgcc.a(fixdfsi.o)
                                        0x1fe (size before relaxing)
 .debug_str     0x0000000000001592       0x32 /data/f-of-e-tools/tools/sunflower/tools/tools-lib/riscv/libgcc.a(fixunsdfsi.o)
                                        0x1fd (size before relaxing)
 .debug_str     0x00000000000015c4       0x5d /data/f-of-e-tools/tools/sunflower/tools/tools-lib/riscv/libgcc.a(floatsidf.o)
                                        0x294 (size before relaxing)
 .debug_str     0x0000000000001621       0x34 /data/f-of-e-tools/tools/sunflower/tools/tools-lib/riscv/libgcc.a(floatunsidf.o)
                                        0x291 (size before relaxing)
 .debug_str     0x0000000000001655       0x7a /data/f-of-e-tools/tools/sunflower/tools/tools-lib/riscv/libgcc.a(addsf3.o)
                                        0x2aa (size before relaxing)
 .debug_str     0x00000000000016cf       0xca /data/f-of-e-tools/tools/sunflower/tools/tools-lib/riscv/libgcc.a(divsf3.o)
                                        0x314 (size before relaxing)
 .debug_str     0x0000000000001799       0x2a /data/f-of-e-tools/tools/sunflower/tools/tools-lib/riscv/libgcc.a(subsf3.o)
                                        0x2aa (size before relaxing)
 .debug_str     0x00000000000017c3       0x41 /data/f-of-e-tools/tools/sunflower/tools/tools-lib/riscv/libgcc.a(extendsfdf2.o)
                                        0x222 (size before relaxing)
 .debug_str     0x0000000000001804       0x34 /data/f-of-e-tools/tools/sunflower/tools/tools-lib/riscv/libgcc.a(muldi3.o)
                                         0x88 (size before relaxing)
 .debug_str     0x0000000000001838       0x23 /data/f-of-e-tools/tools/sunflower/tools/tools-lib/riscv/libgcc.a(div.o)
                                         0x85 (size before relaxing)
 .debug_str     0x000000000000185b      0x717 /data/f-of-e-tools/tools/sunflower/tools/tools-lib/riscv/libgcc.a(_clz.o)
 .debug_str     0x000000000000185b        0x9 /data/f-of-e-tools/tools/sunflower/tools/tools-lib/riscv/libgcc.a(_clzsi2.o)
                                        0x734 (size before relaxing)
 .debug_str     0x0000000000001864      0x3d9 /data/f-of-e-tools/tools/sunflower/tools/tools-lib/riscv/libgloss.a(syscalls.o)
                                        0x979 (size before relaxing)

.debug_loc      0x0000000000000000     0xd746
 *(.debug_loc)
 .debug_loc     0x0000000000000000       0x1e /data/f-of-e-tools/tools/sunflower/tools/tools-lib/riscv/libc.a(lib_a-exit.o)
 .debug_loc     0x000000000000001e       0x84 /data/f-of-e-tools/tools/sunflower/tools/tools-lib/riscv/libc.a(lib_a-syswrite.o)
 .debug_loc     0x00000000000000a2       0xbe /data/f-of-e-tools/tools/sunflower/tools/tools-lib/riscv/libc.a(lib_a-writer.o)
 .debug_loc     0x0000000000000160      0x16e /data/f-of-e-tools/tools/sunflower/tools/tools-lib/riscv/libc.a(lib_a-__call_atexit.o)
 .debug_loc     0x00000000000002ce      0x136 /data/f-of-e-tools/tools/sunflower/tools/tools-lib/riscv/libc.a(lib_a-reent.o)
 .debug_loc     0x0000000000000404      0x5b5 /data/f-of-e-tools/tools/sunflower/tools/tools-lib/riscv/libc.a(lib_a-freer.o)
 .debug_loc     0x00000000000009b9      0xab7 /data/f-of-e-tools/tools/sunflower/tools/tools-lib/riscv/libc.a(lib_a-mallocr.o)
 .debug_loc     0x0000000000001470       0x66 /data/f-of-e-tools/tools/sunflower/tools/tools-lib/riscv/libc.a(lib_a-sbrkr.o)
 .debug_loc     0x00000000000014d6     0x11d5 /data/f-of-e-tools/tools/sunflower/tools/tools-lib/riscv/libgcc.a(_udivdi3.o)
 .debug_loc     0x00000000000026ab      0xd50 /data/f-of-e-tools/tools/sunflower/tools/tools-lib/riscv/libgcc.a(_umoddi3.o)
 .debug_loc     0x00000000000033fb     0x1ce3 /data/f-of-e-tools/tools/sunflower/tools/tools-lib/riscv/libgcc.a(adddf3.o)
 .debug_loc     0x00000000000050de     0x19fb /data/f-of-e-tools/tools/sunflower/tools/tools-lib/riscv/libgcc.a(divdf3.o)
 .debug_loc     0x0000000000006ad9       0x9a /data/f-of-e-tools/tools/sunflower/tools/tools-lib/riscv/libgcc.a(eqdf2.o)
 .debug_loc     0x0000000000006b73      0x2a9 /data/f-of-e-tools/tools/sunflower/tools/tools-lib/riscv/libgcc.a(gedf2.o)
 .debug_loc     0x0000000000006e1c      0x1d7 /data/f-of-e-tools/tools/sunflower/tools/tools-lib/riscv/libgcc.a(ledf2.o)
 .debug_loc     0x0000000000006ff3     0x1138 /data/f-of-e-tools/tools/sunflower/tools/tools-lib/riscv/libgcc.a(muldf3.o)
 .debug_loc     0x000000000000812b     0x19bb /data/f-of-e-tools/tools/sunflower/tools/tools-lib/riscv/libgcc.a(subdf3.o)
 .debug_loc     0x0000000000009ae6      0x15b /data/f-of-e-tools/tools/sunflower/tools/tools-lib/riscv/libgcc.a(fixdfsi.o)
 .debug_loc     0x0000000000009c41       0xbc /data/f-of-e-tools/tools/sunflower/tools/tools-lib/riscv/libgcc.a(fixunsdfsi.o)
 .debug_loc     0x0000000000009cfd      0x1dc /data/f-of-e-tools/tools/sunflower/tools/tools-lib/riscv/libgcc.a(floatsidf.o)
 .debug_loc     0x0000000000009ed9      0x18b /data/f-of-e-tools/tools/sunflower/tools/tools-lib/riscv/libgcc.a(floatunsidf.o)
 .debug_loc     0x000000000000a064      0x92c /data/f-of-e-tools/tools/sunflower/tools/tools-lib/riscv/libgcc.a(addsf3.o)
 .debug_loc     0x000000000000a990      0x981 /data/f-of-e-tools/tools/sunflower/tools/tools-lib/riscv/libgcc.a(divsf3.o)
 .debug_loc     0x000000000000b311      0x934 /data/f-of-e-tools/tools/sunflower/tools/tools-lib/riscv/libgcc.a(subsf3.o)
 .debug_loc     0x000000000000bc45      0x282 /data/f-of-e-tools/tools/sunflower/tools/tools-lib/riscv/libgcc.a(extendsfdf2.o)
 .debug_loc     0x000000000000bec7       0xf5 /data/f-of-e-tools/tools/sunflower/tools/tools-lib/riscv/libgcc.a(_clzsi2.o)
 .debug_loc     0x000000000000bfbc     0x178a /data/f-of-e-tools/tools/sunflower/tools/tools-lib/riscv/libgloss.a(syscalls.o)

.debug_macinfo
 *(.debug_macinfo)

.debug_weaknames
 *(.debug_weaknames)

.debug_funcnames
 *(.debug_funcnames)

.debug_typenames
 *(.debug_typenames)

.debug_varnames
 *(.debug_varnames)

.debug_pubtypes
 *(.debug_pubtypes)

.debug_ranges   0x0000000000000000     0x1618
 *(.debug_ranges)
 .debug_ranges  0x0000000000000000       0x28 /data/f-of-e-tools/tools/sunflower/tools/tools-lib/riscv/libc.a(lib_a-writer.o)
 .debug_ranges  0x0000000000000028       0x20 /data/f-of-e-tools/tools/sunflower/tools/tools-lib/riscv/libc.a(lib_a-__call_atexit.o)
 .debug_ranges  0x0000000000000048       0x30 /data/f-of-e-tools/tools/sunflower/tools/tools-lib/riscv/libc.a(lib_a-mallocr.o)
 .debug_ranges  0x0000000000000078      0x198 /data/f-of-e-tools/tools/sunflower/tools/tools-lib/riscv/libgcc.a(_udivdi3.o)
 .debug_ranges  0x0000000000000210      0x170 /data/f-of-e-tools/tools/sunflower/tools/tools-lib/riscv/libgcc.a(_umoddi3.o)
 .debug_ranges  0x0000000000000380      0x298 /data/f-of-e-tools/tools/sunflower/tools/tools-lib/riscv/libgcc.a(adddf3.o)
 .debug_ranges  0x0000000000000618      0x1b0 /data/f-of-e-tools/tools/sunflower/tools/tools-lib/riscv/libgcc.a(divdf3.o)
 .debug_ranges  0x00000000000007c8       0x48 /data/f-of-e-tools/tools/sunflower/tools/tools-lib/riscv/libgcc.a(eqdf2.o)
 .debug_ranges  0x0000000000000810       0x68 /data/f-of-e-tools/tools/sunflower/tools/tools-lib/riscv/libgcc.a(gedf2.o)
 .debug_ranges  0x0000000000000878       0x78 /data/f-of-e-tools/tools/sunflower/tools/tools-lib/riscv/libgcc.a(ledf2.o)
 .debug_ranges  0x00000000000008f0      0x210 /data/f-of-e-tools/tools/sunflower/tools/tools-lib/riscv/libgcc.a(muldf3.o)
 .debug_ranges  0x0000000000000b00      0x2a8 /data/f-of-e-tools/tools/sunflower/tools/tools-lib/riscv/libgcc.a(subdf3.o)
 .debug_ranges  0x0000000000000da8       0x18 /data/f-of-e-tools/tools/sunflower/tools/tools-lib/riscv/libgcc.a(fixdfsi.o)
 .debug_ranges  0x0000000000000dc0       0x20 /data/f-of-e-tools/tools/sunflower/tools/tools-lib/riscv/libgcc.a(fixunsdfsi.o)
 .debug_ranges  0x0000000000000de0       0x78 /data/f-of-e-tools/tools/sunflower/tools/tools-lib/riscv/libgcc.a(floatsidf.o)
 .debug_ranges  0x0000000000000e58       0x68 /data/f-of-e-tools/tools/sunflower/tools/tools-lib/riscv/libgcc.a(floatunsidf.o)
 .debug_ranges  0x0000000000000ec0      0x1f0 /data/f-of-e-tools/tools/sunflower/tools/tools-lib/riscv/libgcc.a(addsf3.o)
 .debug_ranges  0x00000000000010b0       0xc0 /data/f-of-e-tools/tools/sunflower/tools/tools-lib/riscv/libgcc.a(divsf3.o)
 .debug_ranges  0x0000000000001170      0x1e0 /data/f-of-e-tools/tools/sunflower/tools/tools-lib/riscv/libgcc.a(subsf3.o)
 .debug_ranges  0x0000000000001350       0x40 /data/f-of-e-tools/tools/sunflower/tools/tools-lib/riscv/libgcc.a(extendsfdf2.o)
 .debug_ranges  0x0000000000001390       0x30 /data/f-of-e-tools/tools/sunflower/tools/tools-lib/riscv/libgcc.a(_clzsi2.o)
 .debug_ranges  0x00000000000013c0      0x258 /data/f-of-e-tools/tools/sunflower/tools/tools-lib/riscv/libgloss.a(syscalls.o)

.debug_macro
 *(.debug_macro)

.debug_addr
 *(.debug_addr)

.gnu.attributes
 *(.gnu.attributes)

/DISCARD/
 *(.note.GNU-stack)
 *(.gnu_debuglink)
 *(.gnu.lto_*)
OUTPUT(schlieren128 elf32-littleriscv)
