
Memory Configuration

Name             Origin             Length             Attributes
*default*        0x0000000000000000 0xffffffffffffffff

Linker script and memory map

                0x0000000000000000                . = 0x0

.text           0x0000000000000000      0x400
                0x0000000000000000                _text = .
 *(.text)
 .text          0x0000000000000000       0x10 init.o
                0x0000000000000000                _start
 .text          0x0000000000000010       0x4c softwareidle.o
                0x0000000000000010                main
                0x0000000000000400                . = 0x400
 *fill*         0x000000000000005c      0x3a4 
 *(.strings)
                0x0000000000000400                _etext = .

.rela.dyn       0x0000000000000400        0x0
 .rela.text     0x0000000000000400        0x0 init.o

.data           0x0000000000000400        0x0
 *(.data)
 .data          0x0000000000000400        0x0 init.o
 .data          0x0000000000000400        0x0 softwareidle.o

.bss            0x0000000000000400        0x0
 *(.bss)
 .bss           0x0000000000000400        0x0 init.o
 .bss           0x0000000000000400        0x0 softwareidle.o
LOAD init.o
LOAD softwareidle.o
LOAD /data/f-of-e-tools/tools/sunflower/tools/tools-lib/riscv/libc.a
LOAD /data/f-of-e-tools/tools/sunflower/tools/tools-lib/riscv/libm.a
LOAD /data/f-of-e-tools/tools/sunflower/tools/tools-lib/riscv/libgcc.a
OUTPUT(softwareidle elf32-littleriscv)

.debug_frame    0x0000000000000000       0x38
 .debug_frame   0x0000000000000000       0x38 softwareidle.o

.debug_info     0x0000000000000000       0x83
 .debug_info    0x0000000000000000       0x83 softwareidle.o

.debug_abbrev   0x0000000000000000       0x57
 .debug_abbrev  0x0000000000000000       0x57 softwareidle.o

.debug_aranges  0x0000000000000000       0x20
 .debug_aranges
                0x0000000000000000       0x20 softwareidle.o

.debug_line     0x0000000000000000       0x84
 .debug_line    0x0000000000000000       0x84 softwareidle.o

.debug_str      0x0000000000000000       0x8e
 .debug_str     0x0000000000000000       0x8e softwareidle.o

.comment        0x0000000000000000       0x11
 .comment       0x0000000000000000       0x11 softwareidle.o
                                         0x12 (size before relaxing)
